Archive member included to satisfy reference by file (symbol)

c:/program files (x86)/atmel/studio/7.0/toolchain/arm/arm-gnu-toolchain/bin/../lib/gcc/arm-none-eabi/5.3.1/../../../../arm-none-eabi/lib/armv7e-m\libc.a(lib_a-exit.o)
                              c:/program files (x86)/atmel/studio/7.0/toolchain/arm/arm-gnu-toolchain/bin/../lib/gcc/arm-none-eabi/5.3.1/../../../../arm-none-eabi/lib/armv7e-m/crt0.o (exit)
c:/program files (x86)/atmel/studio/7.0/toolchain/arm/arm-gnu-toolchain/bin/../lib/gcc/arm-none-eabi/5.3.1/../../../../arm-none-eabi/lib/armv7e-m\libc.a(lib_a-impure.o)
                              c:/program files (x86)/atmel/studio/7.0/toolchain/arm/arm-gnu-toolchain/bin/../lib/gcc/arm-none-eabi/5.3.1/../../../../arm-none-eabi/lib/armv7e-m\libc.a(lib_a-exit.o) (_global_impure_ptr)
c:/program files (x86)/atmel/studio/7.0/toolchain/arm/arm-gnu-toolchain/bin/../lib/gcc/arm-none-eabi/5.3.1/../../../../arm-none-eabi/lib/armv7e-m\libc.a(lib_a-init.o)
                              c:/program files (x86)/atmel/studio/7.0/toolchain/arm/arm-gnu-toolchain/bin/../lib/gcc/arm-none-eabi/5.3.1/../../../../arm-none-eabi/lib/armv7e-m/crt0.o (__libc_init_array)
c:/program files (x86)/atmel/studio/7.0/toolchain/arm/arm-gnu-toolchain/bin/../lib/gcc/arm-none-eabi/5.3.1/../../../../arm-none-eabi/lib/armv7e-m\libc.a(lib_a-iprintf.o)
                              src/example.o (iprintf)
c:/program files (x86)/atmel/studio/7.0/toolchain/arm/arm-gnu-toolchain/bin/../lib/gcc/arm-none-eabi/5.3.1/../../../../arm-none-eabi/lib/armv7e-m\libc.a(lib_a-memset.o)
                              c:/program files (x86)/atmel/studio/7.0/toolchain/arm/arm-gnu-toolchain/bin/../lib/gcc/arm-none-eabi/5.3.1/../../../../arm-none-eabi/lib/armv7e-m/crt0.o (memset)
c:/program files (x86)/atmel/studio/7.0/toolchain/arm/arm-gnu-toolchain/bin/../lib/gcc/arm-none-eabi/5.3.1/../../../../arm-none-eabi/lib/armv7e-m\libc.a(lib_a-setbuf.o)
                              src/example.o (setbuf)
c:/program files (x86)/atmel/studio/7.0/toolchain/arm/arm-gnu-toolchain/bin/../lib/gcc/arm-none-eabi/5.3.1/../../../../arm-none-eabi/lib/armv7e-m\libc.a(lib_a-setvbuf.o)
                              c:/program files (x86)/atmel/studio/7.0/toolchain/arm/arm-gnu-toolchain/bin/../lib/gcc/arm-none-eabi/5.3.1/../../../../arm-none-eabi/lib/armv7e-m\libc.a(lib_a-setbuf.o) (setvbuf)
c:/program files (x86)/atmel/studio/7.0/toolchain/arm/arm-gnu-toolchain/bin/../lib/gcc/arm-none-eabi/5.3.1/../../../../arm-none-eabi/lib/armv7e-m\libc.a(lib_a-vfiprintf.o)
                              c:/program files (x86)/atmel/studio/7.0/toolchain/arm/arm-gnu-toolchain/bin/../lib/gcc/arm-none-eabi/5.3.1/../../../../arm-none-eabi/lib/armv7e-m\libc.a(lib_a-iprintf.o) (_vfiprintf_r)
c:/program files (x86)/atmel/studio/7.0/toolchain/arm/arm-gnu-toolchain/bin/../lib/gcc/arm-none-eabi/5.3.1/../../../../arm-none-eabi/lib/armv7e-m\libc.a(lib_a-wsetup.o)
                              c:/program files (x86)/atmel/studio/7.0/toolchain/arm/arm-gnu-toolchain/bin/../lib/gcc/arm-none-eabi/5.3.1/../../../../arm-none-eabi/lib/armv7e-m\libc.a(lib_a-vfiprintf.o) (__swsetup_r)
c:/program files (x86)/atmel/studio/7.0/toolchain/arm/arm-gnu-toolchain/bin/../lib/gcc/arm-none-eabi/5.3.1/../../../../arm-none-eabi/lib/armv7e-m\libc.a(lib_a-__call_atexit.o)
                              c:/program files (x86)/atmel/studio/7.0/toolchain/arm/arm-gnu-toolchain/bin/../lib/gcc/arm-none-eabi/5.3.1/../../../../arm-none-eabi/lib/armv7e-m\libc.a(lib_a-exit.o) (__call_exitprocs)
c:/program files (x86)/atmel/studio/7.0/toolchain/arm/arm-gnu-toolchain/bin/../lib/gcc/arm-none-eabi/5.3.1/../../../../arm-none-eabi/lib/armv7e-m\libc.a(lib_a-atexit.o)
                              c:/program files (x86)/atmel/studio/7.0/toolchain/arm/arm-gnu-toolchain/bin/../lib/gcc/arm-none-eabi/5.3.1/../../../../arm-none-eabi/lib/armv7e-m\libc.a(lib_a-__call_atexit.o) (atexit)
c:/program files (x86)/atmel/studio/7.0/toolchain/arm/arm-gnu-toolchain/bin/../lib/gcc/arm-none-eabi/5.3.1/../../../../arm-none-eabi/lib/armv7e-m\libc.a(lib_a-fflush.o)
                              c:/program files (x86)/atmel/studio/7.0/toolchain/arm/arm-gnu-toolchain/bin/../lib/gcc/arm-none-eabi/5.3.1/../../../../arm-none-eabi/lib/armv7e-m\libc.a(lib_a-setvbuf.o) (_fflush_r)
c:/program files (x86)/atmel/studio/7.0/toolchain/arm/arm-gnu-toolchain/bin/../lib/gcc/arm-none-eabi/5.3.1/../../../../arm-none-eabi/lib/armv7e-m\libc.a(lib_a-findfp.o)
                              c:/program files (x86)/atmel/studio/7.0/toolchain/arm/arm-gnu-toolchain/bin/../lib/gcc/arm-none-eabi/5.3.1/../../../../arm-none-eabi/lib/armv7e-m\libc.a(lib_a-setvbuf.o) (__sinit)
c:/program files (x86)/atmel/studio/7.0/toolchain/arm/arm-gnu-toolchain/bin/../lib/gcc/arm-none-eabi/5.3.1/../../../../arm-none-eabi/lib/armv7e-m\libc.a(lib_a-fini.o)
[...]
Memory Configuration

Name             Origin             Length             Attributes
rom              0x00400000         0x00200000         xr
ram              0x20400000         0x00060000         xrw
*default*        0x00000000         0xffffffff

Linker script and memory map

LOAD c:/program files (x86)/atmel/studio/7.0/toolchain/arm/arm-gnu-toolchain/bin/../lib/gcc/arm-none-eabi/5.3.1/armv7e-m/crti.o
LOAD c:/program files (x86)/atmel/studio/7.0/toolchain/arm/arm-gnu-toolchain/bin/../lib/gcc/arm-none-eabi/5.3.1/armv7e-m/crtbegin.o
LOAD c:/program files (x86)/atmel/studio/7.0/toolchain/arm/arm-gnu-toolchain/bin/../lib/gcc/arm-none-eabi/5.3.1/../../../../arm-none-eabi/lib/armv7e-m/crt0.o
LOAD src/ASF/common/components/memory/sd_mmc/sd_mmc.o
LOAD src/ASF/common/components/memory/sd_mmc/sd_mmc_mem.o
LOAD src/ASF/common/services/clock/same70/sysclk.o
LOAD src/ASF/common/services/delay/sam/cycle_counter.o
LOAD src/ASF/common/services/serial/usart_serial.o
LOAD src/ASF/common/services/storage/ctrl_access/ctrl_access.o
LOAD src/ASF/common/utils/interrupt/interrupt_sam_nvic.o
LOAD src/ASF/common/utils/stdio/read.o
LOAD src/ASF/common/utils/stdio/write.o
LOAD src/ASF/sam/boards/same70_xplained/init.o
LOAD src/ASF/sam/drivers/hsmci/hsmci.o
LOAD src/ASF/sam/drivers/mpu/mpu.o
LOAD src/ASF/sam/drivers/pio/pio.o
LOAD src/ASF/sam/drivers/pio/pio_handler.o
LOAD src/ASF/sam/drivers/pmc/pmc.o
LOAD src/ASF/sam/drivers/pmc/sleep.o
LOAD src/ASF/sam/drivers/rtc/rtc.o
LOAD src/ASF/sam/drivers/uart/uart.o
LOAD src/ASF/sam/drivers/usart/usart.o
LOAD src/ASF/sam/drivers/xdmac/xdmac.o
LOAD src/ASF/sam/utils/cmsis/same70/source/templates/gcc/startup_same70.o
LOAD src/ASF/sam/utils/cmsis/same70/source/templates/system_same70.o
LOAD src/ASF/sam/utils/syscalls/gcc/syscalls.o
LOAD src/ASF/thirdparty/fatfs/fatfs-port-r0.09/diskio.o
LOAD src/ASF/thirdparty/fatfs/fatfs-port-r0.09/sam/fattime_rtc.o
LOAD src/ASF/thirdparty/fatfs/fatfs-r0.09/src/ff.o
LOAD src/ASF/thirdparty/fatfs/fatfs-r0.09/src/option/ccsbcs.o
LOAD src/example.o
START GROUP
LOAD ../src/ASF/thirdparty/CMSIS/Lib/GCC\libarm_cortexM7lfsp_math_softfp.a
LOAD c:/program files (x86)/atmel/studio/7.0/toolchain/arm/arm-gnu-toolchain/bin/../lib/gcc/arm-none-eabi/5.3.1/../../../../arm-none-eabi/lib/armv7e-m\libm.a
END GROUP
START GROUP
LOAD c:/program files (x86)/atmel/studio/7.0/toolchain/arm/arm-gnu-toolchain/bin/../lib/gcc/arm-none-eabi/5.3.1/armv7e-m\libgcc.a
LOAD c:/program files (x86)/atmel/studio/7.0/toolchain/arm/arm-gnu-toolchain/bin/../lib/gcc/arm-none-eabi/5.3.1/../../../../arm-none-eabi/lib/armv7e-m\libc.a
END GROUP
LOAD c:/program files (x86)/atmel/studio/7.0/toolchain/arm/arm-gnu-toolchain/bin/../lib/gcc/arm-none-eabi/5.3.1/armv7e-m/crtend.o
LOAD c:/program files (x86)/atmel/studio/7.0/toolchain/arm/arm-gnu-toolchain/bin/../lib/gcc/arm-none-eabi/5.3.1/armv7e-m/crtn.o
                0x00002000                STACK_SIZE = DEFINED (STACK_SIZE)?STACK_SIZE:0x2000
                0x2045fffc                __ram_end__ = ((ORIGIN (ram) + LENGTH (ram)) - 0x4)
                0x00000200                HEAP_SIZE = DEFINED (HEAP_SIZE)?HEAP_SIZE:0x200

.text           0x00400000     0x7904
                0x00400000                . = ALIGN (0x4)
                0x00400000                _sfixed = .
 *(.vectors .vectors.*)
 .vectors       0x00400000      0x140 src/ASF/sam/utils/cmsis/same70/source/templates/gcc/startup_same70.o
                0x00400000                exception_table
 *(.text .text.* .gnu.linkonce.t.*)
 .text          0x00400140       0x5c c:/program files (x86)/atmel/studio/7.0/toolchain/arm/arm-gnu-toolchain/bin/../lib/gcc/arm-none-eabi/5.3.1/armv7e-m/crtbegin.o
 .text.sd_mmc_configure_slot
                0x0040019c       0x2c src/ASF/common/components/memory/sd_mmc/sd_mmc.o
 .text.sd_mmc_select_slot
                0x004001c8      0x100 src/ASF/common/components/memory/sd_mmc/sd_mmc.o
 .text.sdio_cmd52
                0x004002c8       0x34 src/ASF/common/components/memory/sd_mmc/sd_mmc.o
 .text.sd_mmc_cmd9_mci
                0x004002fc       0x30 src/ASF/common/components/memory/sd_mmc/sd_mmc.o
 .text.sd_mmc_deselect_slot
                0x0040032c       0x18 src/ASF/common/components/memory/sd_mmc/sd_mmc.o
 .text.sd_mmc_init
                0x00400344       0x2c src/ASF/common/components/memory/sd_mmc/sd_mmc.o
                0x00400344                sd_mmc_init
 .text.sd_mmc_check
                0x00400370      0x894 src/ASF/common/components/memory/sd_mmc/sd_mmc.o
                0x00400370                sd_mmc_check
 .text.sd_mmc_get_type
                0x00400c04       0x24 src/ASF/common/components/memory/sd_mmc/sd_mmc.o
                0x00400c04                sd_mmc_get_type
 .text.sd_mmc_get_capacity
                0x00400c28       0x24 src/ASF/common/components/memory/sd_mmc/sd_mmc.o
                0x00400c28                sd_mmc_get_capacity
 .text.sd_mmc_is_write_protected
                0x00400c4c        0x4 src/ASF/common/components/memory/sd_mmc/sd_mmc.o
                0x00400c4c                sd_mmc_is_write_protected
 .text.sd_mmc_init_read_blocks
                0x00400c50       0xd0 src/ASF/common/components/memory/sd_mmc/sd_mmc.o
                0x00400c50                sd_mmc_init_read_blocks
 .text.sd_mmc_start_read_blocks
                0x00400d20       0x28 src/ASF/common/components/memory/sd_mmc/sd_mmc.o
                0x00400d20                sd_mmc_start_read_blocks
 .text.sd_mmc_wait_end_of_read_blocks
                0x00400d48       0x64 src/ASF/common/components/memory/sd_mmc/sd_mmc.o
                0x00400d48                sd_mmc_wait_end_of_read_blocks
 .text.sd_mmc_init_write_blocks
                0x00400dac       0x8c src/ASF/common/components/memory/sd_mmc/sd_mmc.o
                0x00400dac                sd_mmc_init_write_blocks
 .text.sd_mmc_start_write_blocks
                0x00400e38       0x28 src/ASF/common/components/memory/sd_mmc/sd_mmc.o
                0x00400e38                sd_mmc_start_write_blocks
 .text.sd_mmc_wait_end_of_write_blocks
                0x00400e60       0x64 src/ASF/common/components/memory/sd_mmc/sd_mmc.o
                0x00400e60                sd_mmc_wait_end_of_write_blocks
 .text.sd_mmc_test_unit_ready
                0x00400ec4       0x50 src/ASF/common/components/memory/sd_mmc/sd_mmc_mem.o
                0x00400ec4                sd_mmc_test_unit_ready
 .text.sd_mmc_test_unit_ready_0
                0x00400f14       0x10 src/ASF/common/components/memory/sd_mmc/sd_mmc_mem.o
                0x00400f14                sd_mmc_test_unit_ready_0
 .text.sd_mmc_read_capacity
                0x00400f24       0x20 src/ASF/common/components/memory/sd_mmc/sd_mmc_mem.o
                0x00400f24                sd_mmc_read_capacity
 .text.sd_mmc_read_capacity_0
                0x00400f44       0x10 src/ASF/common/components/memory/sd_mmc/sd_mmc_mem.o
                0x00400f44                sd_mmc_read_capacity_0
 .text.sd_mmc_wr_protect_0
                0x00400f54       0x10 src/ASF/common/components/memory/sd_mmc/sd_mmc_mem.o
                0x00400f54                sd_mmc_wr_protect_0
 .text.sd_mmc_mem_2_ram
                0x00400f64       0x3c src/ASF/common/components/memory/sd_mmc/sd_mmc_mem.o
                0x00400f64                sd_mmc_mem_2_ram
 .text.sd_mmc_mem_2_ram_0
                0x00400fa0       0x14 src/ASF/common/components/memory/sd_mmc/sd_mmc_mem.o
                0x00400fa0                sd_mmc_mem_2_ram_0
 .text.sd_mmc_ram_2_mem
                0x00400fb4       0x3c src/ASF/common/components/memory/sd_mmc/sd_mmc_mem.o
                0x00400fb4                sd_mmc_ram_2_mem
 .text.sd_mmc_ram_2_mem_0
                0x00400ff0       0x14 src/ASF/common/components/memory/sd_mmc/sd_mmc_mem.o
                0x00400ff0                sd_mmc_ram_2_mem_0
 .text.sysclk_init
                0x00401004       0x70 src/ASF/common/services/clock/same70/sysclk.o
                0x00401004                sysclk_init
 .text.mem_test_unit_ready
                0x00401074       0x14 src/ASF/common/services/storage/ctrl_access/ctrl_access.o
                0x00401074                mem_test_unit_ready
 .text.mem_read_capacity
                0x00401088       0x14 src/ASF/common/services/storage/ctrl_access/ctrl_access.o
                0x00401088                mem_read_capacity
 .text.mem_sector_size
                0x0040109c        0x8 src/ASF/common/services/storage/ctrl_access/ctrl_access.o
                0x0040109c                mem_sector_size
 .text.mem_wr_protect
                0x004010a4       0x14 src/ASF/common/services/storage/ctrl_access/ctrl_access.o
                0x004010a4                mem_wr_protect
 .text.memory_2_ram
                0x004010b8       0x18 src/ASF/common/services/storage/ctrl_access/ctrl_access.o
                0x004010b8                memory_2_ram
 .text.ram_2_memory
                0x004010d0       0x18 src/ASF/common/services/storage/ctrl_access/ctrl_access.o
                0x004010d0                ram_2_memory
 .text._read    0x004010e8       0x3c src/ASF/common/utils/stdio/read.o
                0x004010e8                _read
 .text._write   0x00401124       0x50 src/ASF/common/utils/stdio/write.o
                0x00401124                _write
 .text.board_init
                0x00401174      0x380 src/ASF/sam/boards/same70_xplained/init.o
                0x00401174                board_init
 .text.hsmci_reset
                0x004014f4       0x2c src/ASF/sam/drivers/hsmci/hsmci.o
 .text.hsmci_send_cmd_execute
                0x00401520       0xa0 src/ASF/sam/drivers/hsmci/hsmci.o
 .text.hsmci_init
                0x004015c0       0x2c src/ASF/sam/drivers/hsmci/hsmci.o
                0x004015c0                hsmci_init
 .text.hsmci_get_bus_width
                0x004015ec        0xc src/ASF/sam/drivers/hsmci/hsmci.o
                0x004015ec                hsmci_get_bus_width
 .text.hsmci_is_high_speed_capable
                0x004015f8        0x4 src/ASF/sam/drivers/hsmci/hsmci.o
                0x004015f8                hsmci_is_high_speed_capable
 .text.hsmci_select_device
                0x004015fc       0xa4 src/ASF/sam/drivers/hsmci/hsmci.o
                0x004015fc                hsmci_select_device
 .text.hsmci_deselect_device
                0x004016a0        0x4 src/ASF/sam/drivers/hsmci/hsmci.o
                0x004016a0                hsmci_deselect_device
 .text.hsmci_send_clock
                0x004016a4       0x24 src/ASF/sam/drivers/hsmci/hsmci.o
                0x004016a4                hsmci_send_clock
 .text.hsmci_send_cmd
                0x004016c8       0x24 src/ASF/sam/drivers/hsmci/hsmci.o
                0x004016c8                hsmci_send_cmd
 .text.hsmci_get_response
                0x004016ec        0x8 src/ASF/sam/drivers/hsmci/hsmci.o
                0x004016ec                hsmci_get_response
 .text.hsmci_get_response_128
                0x004016f4       0x30 src/ASF/sam/drivers/hsmci/hsmci.o
                0x004016f4                hsmci_get_response_128
 .text.hsmci_adtc_start
                0x00401724       0xc8 src/ASF/sam/drivers/hsmci/hsmci.o
                0x00401724                hsmci_adtc_start
 .text.hsmci_read_word
                0x004017ec       0x74 src/ASF/sam/drivers/hsmci/hsmci.o
                0x004017ec                hsmci_read_word
 .text.hsmci_start_read_blocks
                0x00401860       0xe0 src/ASF/sam/drivers/hsmci/hsmci.o
                0x00401860                hsmci_start_read_blocks
 .text.hsmci_wait_end_of_read_blocks
                0x00401940       0x60 src/ASF/sam/drivers/hsmci/hsmci.o
                0x00401940                hsmci_wait_end_of_read_blocks
 .text.hsmci_start_write_blocks
                0x004019a0       0xe0 src/ASF/sam/drivers/hsmci/hsmci.o
                0x004019a0                hsmci_start_write_blocks
 .text.hsmci_wait_end_of_write_blocks
                0x00401a80       0x60 src/ASF/sam/drivers/hsmci/hsmci.o
                0x00401a80                hsmci_wait_end_of_write_blocks
 .text.mpu_enable
                0x00401ae0        0xc src/ASF/sam/drivers/mpu/mpu.o
                0x00401ae0                mpu_enable
 .text.mpu_set_region
                0x00401aec        0xc src/ASF/sam/drivers/mpu/mpu.o
                0x00401aec                mpu_set_region
 .text.mpu_cal_mpu_region_size
                0x00401af8       0x1c src/ASF/sam/drivers/mpu/mpu.o
                0x00401af8                mpu_cal_mpu_region_size
 .text.pio_get_interrupt_status
                0x00401b14        0x4 src/ASF/sam/drivers/pio/pio.o
                0x00401b14                pio_get_interrupt_status
 .text.pio_get_interrupt_mask
                0x00401b18        0x4 src/ASF/sam/drivers/pio/pio.o
                0x00401b18                pio_get_interrupt_mask
 .text.pio_handler_process
                0x00401b1c       0x50 src/ASF/sam/drivers/pio/pio_handler.o
                0x00401b1c                pio_handler_process
 .text.PIOA_Handler
                0x00401b6c       0x14 src/ASF/sam/drivers/pio/pio_handler.o
                0x00401b6c                PIOA_Handler
 .text.PIOB_Handler
                0x00401b80       0x14 src/ASF/sam/drivers/pio/pio_handler.o
                0x00401b80                PIOB_Handler
 .text.PIOC_Handler
                0x00401b94       0x14 src/ASF/sam/drivers/pio/pio_handler.o
                0x00401b94                PIOC_Handler
 .text.PIOD_Handler
                0x00401ba8       0x14 src/ASF/sam/drivers/pio/pio_handler.o
                0x00401ba8                PIOD_Handler
 .text.PIOE_Handler
                0x00401bbc       0x14 src/ASF/sam/drivers/pio/pio_handler.o
                0x00401bbc                PIOE_Handler
 .text.pmc_mck_set_division
                0x00401bd0       0x3c src/ASF/sam/drivers/pmc/pmc.o
                0x00401bd0                pmc_mck_set_division
 .text.pmc_switch_mck_to_pllack
                0x00401c0c       0x68 src/ASF/sam/drivers/pmc/pmc.o
                0x00401c0c                pmc_switch_mck_to_pllack
 .text.pmc_switch_mainck_to_xtal
                0x00401c74       0x54 src/ASF/sam/drivers/pmc/pmc.o
                0x00401c74                pmc_switch_mainck_to_xtal
 .text.pmc_osc_is_ready_mainck
                0x00401cc8       0x10 src/ASF/sam/drivers/pmc/pmc.o
                0x00401cc8                pmc_osc_is_ready_mainck
 .text.pmc_disable_pllack
                0x00401cd8       0x10 src/ASF/sam/drivers/pmc/pmc.o
                0x00401cd8                pmc_disable_pllack
 .text.pmc_is_locked_pllack
                0x00401ce8       0x10 src/ASF/sam/drivers/pmc/pmc.o
                0x00401ce8                pmc_is_locked_pllack
 .text.pmc_enable_periph_clk
                0x00401cf8       0x54 src/ASF/sam/drivers/pmc/pmc.o
                0x00401cf8                pmc_enable_periph_clk
 .text.rtc_get_time
                0x00401d4c       0x5c src/ASF/sam/drivers/rtc/rtc.o
                0x00401d4c                rtc_get_time
 .text.rtc_get_date
                0x00401da8       0x74 src/ASF/sam/drivers/rtc/rtc.o
                0x00401da8                rtc_get_date
 .text.uart_write
                0x00401e1c       0x14 src/ASF/sam/drivers/uart/uart.o
                0x00401e1c                uart_write
 .text.uart_read
                0x00401e30       0x14 src/ASF/sam/drivers/uart/uart.o
                0x00401e30                uart_read
 .text.usart_set_async_baudrate
                0x00401e44       0x60 src/ASF/sam/drivers/usart/usart.o
                0x00401e44                usart_set_async_baudrate
 .text.usart_reset
                0x00401ea4       0x28 src/ASF/sam/drivers/usart/usart.o
                0x00401ea4                usart_reset
 .text.usart_init_rs232
                0x00401ecc       0x54 src/ASF/sam/drivers/usart/usart.o
                0x00401ecc                usart_init_rs232
 .text.usart_enable_tx
                0x00401f20        0x8 src/ASF/sam/drivers/usart/usart.o
                0x00401f20                usart_enable_tx
 .text.usart_enable_rx
                0x00401f28        0x8 src/ASF/sam/drivers/usart/usart.o
                0x00401f28                usart_enable_rx
 .text.usart_write
                0x00401f30       0x18 src/ASF/sam/drivers/usart/usart.o
                0x00401f30                usart_write
 .text.usart_read
                0x00401f48       0x18 src/ASF/sam/drivers/usart/usart.o
                0x00401f48                usart_read
 .text.xdmac_configure_transfer
                0x00401f60       0x3c src/ASF/sam/drivers/xdmac/xdmac.o
                0x00401f60                xdmac_configure_transfer
 .text.Dummy_Handler
                0x00401f9c        0x4 src/ASF/sam/utils/cmsis/same70/source/templates/gcc/startup_same70.o
                0x00401f9c                DACC_Handler
                0x00401f9c                DebugMon_Handler
                0x00401f9c                UART3_Handler
                0x00401f9c                UART2_Handler
                0x00401f9c                TRNG_Handler
                0x00401f9c                HardFault_Handler
                0x00401f9c                TC2_Handler
                0x00401f9c                SysTick_Handler
                0x00401f9c                AFEC1_Handler
                0x00401f9c                PendSV_Handler
                0x00401f9c                NMI_Handler
                0x00401f9c                TC7_Handler
                0x00401f9c                QSPI_Handler
                0x00401f9c                ISI_Handler
                0x00401f9c                TC9_Handler
                0x00401f9c                RSWDT_Handler
                0x00401f9c                MCAN1_Handler
                0x00401f9c                USART0_Handler
                0x00401f9c                RTT_Handler
                0x00401f9c                USBHS_Handler
                0x00401f9c                RTC_Handler
                0x00401f9c                UsageFault_Handler
                0x00401f9c                TC6_Handler
                0x00401f9c                WDT_Handler
                0x00401f9c                TC4_Handler
                0x00401f9c                TC1_Handler
                0x00401f9c                HSMCI_Handler
                0x00401f9c                UART1_Handler
                0x00401f9c                TC3_Handler
                0x00401f9c                Dummy_Handler
                0x00401f9c                TWIHS1_Handler
                0x00401f9c                XDMAC_Handler
                0x00401f9c                UART4_Handler
                0x00401f9c                PWM1_Handler
                0x00401f9c                USART1_Handler
                0x00401f9c                PWM0_Handler
                0x00401f9c                AFEC0_Handler
                0x00401f9c                SSC_Handler
                0x00401f9c                TC11_Handler
                0x00401f9c                ACC_Handler
                0x00401f9c                PMC_Handler
                0x00401f9c                GMAC_Handler
                0x00401f9c                MemManage_Handler
                0x00401f9c                SUPC_Handler
                0x00401f9c                SVC_Handler
                0x00401f9c                TC8_Handler
                0x00401f9c                EFC_Handler
                0x00401f9c                USART2_Handler
                0x00401f9c                SDRAMC_Handler
                0x00401f9c                SPI1_Handler
                0x00401f9c                MCAN0_Handler
                0x00401f9c                TC10_Handler
                0x00401f9c                TWIHS2_Handler
                0x00401f9c                UART0_Handler
                0x00401f9c                BusFault_Handler
                0x00401f9c                RSTC_Handler
                0x00401f9c                TC0_Handler
                0x00401f9c                TC5_Handler
                0x00401f9c                ICM_Handler
                0x00401f9c                AES_Handler
                0x00401f9c                TWIHS0_Handler
                0x00401f9c                SPI0_Handler
 .text.Reset_Handler
                0x00401fa0       0xdc src/ASF/sam/utils/cmsis/same70/source/templates/gcc/startup_same70.o
                0x00401fa0                Reset_Handler
 .text.SystemCoreClockUpdate
                0x0040207c      0x110 src/ASF/sam/utils/cmsis/same70/source/templates/system_same70.o
                0x0040207c                SystemCoreClockUpdate
 .text.system_init_flash
                0x0040218c       0x8c src/ASF/sam/utils/cmsis/same70/source/templates/system_same70.o
                0x0040218c                system_init_flash
 .text._sbrk    0x00402218       0x34 src/ASF/sam/utils/syscalls/gcc/syscalls.o
                0x00402218                _sbrk
 .text._close   0x0040224c        0x8 src/ASF/sam/utils/syscalls/gcc/syscalls.o
                0x0040224c                _close
 .text._fstat   0x00402254        0xc src/ASF/sam/utils/syscalls/gcc/syscalls.o
                0x00402254                _fstat
 .text._isatty  0x00402260        0x4 src/ASF/sam/utils/syscalls/gcc/syscalls.o
                0x00402260                _isatty
 .text._lseek   0x00402264        0x4 src/ASF/sam/utils/syscalls/gcc/syscalls.o
                0x00402264                _lseek
 .text.disk_initialize
                0x00402268       0x40 src/ASF/thirdparty/fatfs/fatfs-port-r0.09/diskio.o
                0x00402268                disk_initialize
 .text.disk_status
                0x004022a8       0x1c src/ASF/thirdparty/fatfs/fatfs-port-r0.09/diskio.o
                0x004022a8                disk_status
 .text.disk_read
                0x004022c4       0x74 src/ASF/thirdparty/fatfs/fatfs-port-r0.09/diskio.o
                0x004022c4                disk_read
 .text.disk_write
                0x00402338       0x74 src/ASF/thirdparty/fatfs/fatfs-port-r0.09/diskio.o
                0x00402338                disk_write
 .text.disk_ioctl
                0x004023ac       0x70 src/ASF/thirdparty/fatfs/fatfs-port-r0.09/diskio.o
                0x004023ac                disk_ioctl
 .text.get_fattime
                0x0040241c       0x58 src/ASF/thirdparty/fatfs/fatfs-port-r0.09/sam/fattime_rtc.o
                0x0040241c                get_fattime
 .text.mem_cpy  0x00402474       0x14 src/ASF/thirdparty/fatfs/fatfs-r0.09/src/ff.o
 .text.mem_set  0x00402488       0x10 src/ASF/thirdparty/fatfs/fatfs-r0.09/src/ff.o
 .text.clust2sect
                0x00402498       0x18 src/ASF/thirdparty/fatfs/fatfs-r0.09/src/ff.o
 .text.sum_sfn  0x004024b0       0x20 src/ASF/thirdparty/fatfs/fatfs-r0.09/src/ff.o
 .text.validate
                0x004024d0       0x34 src/ASF/thirdparty/fatfs/fatfs-r0.09/src/ff.o
 .text.check_fs
                0x00402504       0x90 src/ASF/thirdparty/fatfs/fatfs-r0.09/src/ff.o
 .text.chk_mounted
                0x00402594      0x394 src/ASF/thirdparty/fatfs/fatfs-r0.09/src/ff.o
 .text.move_window
                0x00402928       0x90 src/ASF/thirdparty/fatfs/fatfs-r0.09/src/ff.o
 .text.get_fat  0x004029b8       0xec src/ASF/thirdparty/fatfs/fatfs-r0.09/src/ff.o
 .text.dir_sdi  0x00402aa4       0xa0 src/ASF/thirdparty/fatfs/fatfs-r0.09/src/ff.o
 .text.put_fat  0x00402b44      0x130 src/ASF/thirdparty/fatfs/fatfs-r0.09/src/ff.o
 .text.create_chain
                0x00402c74       0xc8 src/ASF/thirdparty/fatfs/fatfs-r0.09/src/ff.o
 .text.remove_chain
                0x00402d3c       0x78 src/ASF/thirdparty/fatfs/fatfs-r0.09/src/ff.o
 .text.dir_next
                0x00402db4      0x144 src/ASF/thirdparty/fatfs/fatfs-r0.09/src/ff.o
 .text.dir_find
                0x00402ef8      0x1b4 src/ASF/thirdparty/fatfs/fatfs-r0.09/src/ff.o
 .text.dir_register
                0x004030ac      0x2d4 src/ASF/thirdparty/fatfs/fatfs-r0.09/src/ff.o
 .text.sync     0x00403380       0xc8 src/ASF/thirdparty/fatfs/fatfs-r0.09/src/ff.o
 .text.follow_path
                0x00403448      0x328 src/ASF/thirdparty/fatfs/fatfs-r0.09/src/ff.o
 .text.f_mount  0x00403770       0x28 src/ASF/thirdparty/fatfs/fatfs-r0.09/src/ff.o
                0x00403770                f_mount
 .text.f_open   0x00403798      0x198 src/ASF/thirdparty/fatfs/fatfs-r0.09/src/ff.o
                0x00403798                f_open
 .text.f_write  0x00403930      0x200 src/ASF/thirdparty/fatfs/fatfs-r0.09/src/ff.o
                0x00403930                f_write
 .text.f_sync   0x00403b30       0x94 src/ASF/thirdparty/fatfs/fatfs-r0.09/src/ff.o
                0x00403b30                f_sync
 .text.f_close  0x00403bc4       0x18 src/ASF/thirdparty/fatfs/fatfs-r0.09/src/ff.o
                0x00403bc4                f_close
 .text.f_putc   0x00403bdc       0x2c src/ASF/thirdparty/fatfs/fatfs-r0.09/src/ff.o
                0x00403bdc                f_putc
 .text.f_puts   0x00403c08       0x30 src/ASF/thirdparty/fatfs/fatfs-r0.09/src/ff.o
                0x00403c08                f_puts
 .text.ff_convert
                0x00403c38       0x44 src/ASF/thirdparty/fatfs/fatfs-r0.09/src/option/ccsbcs.o
                0x00403c38                ff_convert
 .text.ff_wtoupper
                0x00403c7c       0x2c src/ASF/thirdparty/fatfs/fatfs-r0.09/src/option/ccsbcs.o
                0x00403c7c                ff_wtoupper
 .text.usart_serial_getchar
                0x00403ca8       0xd8 src/example.o
 .text.usart_serial_putchar
                0x00403d80       0xd4 src/example.o
 .text.main     0x00403e54      0x1ec src/example.o
                0x00403e54                main
 .text.__libc_init_array
                0x00404040       0x50 c:/program files (x86)/atmel/studio/7.0/toolchain/arm/arm-gnu-toolchain/bin/../lib/gcc/arm-none-eabi/5.3.1/../../../../arm-none-eabi/lib/armv7e-m\libc.a(lib_a-init.o)
                0x00404040                __libc_init_array
 .text.iprintf  0x00404090       0x28 c:/program files (x86)/atmel/studio/7.0/toolchain/arm/arm-gnu-toolchain/bin/../lib/gcc/arm-none-eabi/5.3.1/../../../../arm-none-eabi/lib/armv7e-m\libc.a(lib_a-iprintf.o)
                0x00404090                iprintf
 .text.memset   0x004040b8       0x9c c:/program files (x86)/atmel/studio/7.0/toolchain/arm/arm-gnu-toolchain/bin/../lib/gcc/arm-none-eabi/5.3.1/../../../../arm-none-eabi/lib/armv7e-m\libc.a(lib_a-memset.o)
                0x004040b8                memset
 .text.setbuf   0x00404154       0x10 c:/program files (x86)/atmel/studio/7.0/toolchain/arm/arm-gnu-toolchain/bin/../lib/gcc/arm-none-eabi/5.3.1/../../../../arm-none-eabi/lib/armv7e-m\libc.a(lib_a-setbuf.o)
                0x00404154                setbuf
 .text.setvbuf  0x00404164      0x150 c:/program files (x86)/atmel/studio/7.0/toolchain/arm/arm-gnu-toolchain/bin/../lib/gcc/arm-none-eabi/5.3.1/../../../../arm-none-eabi/lib/armv7e-m\libc.a(lib_a-setvbuf.o)
                0x00404164                setvbuf
 .text.__sprint_r.part.0
                0x004042b4       0x78 c:/program files (x86)/atmel/studio/7.0/toolchain/arm/arm-gnu-toolchain/bin/../lib/gcc/arm-none-eabi/5.3.1/../../../../arm-none-eabi/lib/armv7e-m\libc.a(lib_a-vfiprintf.o)
 .text._vfiprintf_r
                0x0040432c      0xdfc c:/program files (x86)/atmel/studio/7.0/toolchain/arm/arm-gnu-toolchain/bin/../lib/gcc/arm-none-eabi/5.3.1/../../../../arm-none-eabi/lib/armv7e-m\libc.a(lib_a-vfiprintf.o)
                0x0040432c                _vfiprintf_r
 .text.__sbprintf
                0x00405128       0x6c c:/program files (x86)/atmel/studio/7.0/toolchain/arm/arm-gnu-toolchain/bin/../lib/gcc/arm-none-eabi/5.3.1/../../../../arm-none-eabi/lib/armv7e-m\libc.a(lib_a-vfiprintf.o)
 .text.__swsetup_r
                0x00405194       0xc8 c:/program files (x86)/atmel/studio/7.0/toolchain/arm/arm-gnu-toolchain/bin/../lib/gcc/arm-none-eabi/5.3.1/../../../../arm-none-eabi/lib/armv7e-m\libc.a(lib_a-wsetup.o)
                0x00405194                __swsetup_r
 .text.startup.register_fini
                0x0040525c       0x14 c:/program files (x86)/atmel/studio/7.0/toolchain/arm/arm-gnu-toolchain/bin/../lib/gcc/arm-none-eabi/5.3.1/../../../../arm-none-eabi/lib/armv7e-m\libc.a(lib_a-__call_atexit.o)
 .text.atexit   0x00405270        0xc c:/program files (x86)/atmel/studio/7.0/toolchain/arm/arm-gnu-toolchain/bin/../lib/gcc/arm-none-eabi/5.3.1/../../../../arm-none-eabi/lib/armv7e-m\libc.a(lib_a-atexit.o)
                0x00405270                atexit
 .text.__sflush_r
                0x0040527c      0x148 c:/program files (x86)/atmel/studio/7.0/toolchain/arm/arm-gnu-toolchain/bin/../lib/gcc/arm-none-eabi/5.3.1/../../../../arm-none-eabi/lib/armv7e-m\libc.a(lib_a-fflush.o)
                0x0040527c                __sflush_r
 .text._fflush_r
                0x004053c4       0x2c c:/program files (x86)/atmel/studio/7.0/toolchain/arm/arm-gnu-toolchain/bin/../lib/gcc/arm-none-eabi/5.3.1/../../../../arm-none-eabi/lib/armv7e-m\libc.a(lib_a-fflush.o)
                0x004053c4                _fflush_r
 .text._cleanup_r
                0x004053f0        0xc c:/program files (x86)/atmel/studio/7.0/toolchain/arm/arm-gnu-toolchain/bin/../lib/gcc/arm-none-eabi/5.3.1/../../../../arm-none-eabi/lib/armv7e-m\libc.a(lib_a-findfp.o)
                0x004053f0                _cleanup_r
 .text.__sinit.part.1
                0x004053fc       0xf0 c:/program files (x86)/atmel/studio/7.0/toolchain/arm/arm-gnu-toolchain/bin/../lib/gcc/arm-none-eabi/5.3.1/../../../../arm-none-eabi/lib/armv7e-m\libc.a(lib_a-findfp.o)
 .text.__sinit  0x004054ec        0xc c:/program files (x86)/atmel/studio/7.0/toolchain/arm/arm-gnu-toolchain/bin/../lib/gcc/arm-none-eabi/5.3.1/../../../../arm-none-eabi/lib/armv7e-m\libc.a(lib_a-findfp.o)
                0x004054ec                __sinit
 .text.__sfp_lock_acquire
                0x004054f8        0x4 c:/program files (x86)/atmel/studio/7.0/toolchain/arm/arm-gnu-toolchain/bin/../lib/gcc/arm-none-eabi/5.3.1/../../../../arm-none-eabi/lib/armv7e-m\libc.a(lib_a-findfp.o)
                0x004054f8                __sfp_lock_acquire
 .text.__sfp_lock_release
                0x004054fc        0x4 c:/program files (x86)/atmel/studio/7.0/toolchain/arm/arm-gnu-toolchain/bin/../lib/gcc/arm-none-eabi/5.3.1/../../../../arm-none-eabi/lib/armv7e-m\libc.a(lib_a-findfp.o)
                0x004054fc                __sfp_lock_release
 .text.__libc_fini_array
                0x00405500       0x28 c:/program files (x86)/atmel/studio/7.0/toolchain/arm/arm-gnu-toolchain/bin/../lib/gcc/arm-none-eabi/5.3.1/../../../../arm-none-eabi/lib/armv7e-m\libc.a(lib_a-fini.o)
                0x00405500                __libc_fini_array
 .text.__fputwc
                0x00405528       0x98 c:/program files (x86)/atmel/studio/7.0/toolchain/arm/arm-gnu-toolchain/bin/../lib/gcc/arm-none-eabi/5.3.1/../../../../arm-none-eabi/lib/armv7e-m\libc.a(lib_a-fputwc.o)
                0x00405528                __fputwc
 .text._fputwc_r
                0x004055c0       0x24 c:/program files (x86)/atmel/studio/7.0/toolchain/arm/arm-gnu-toolchain/bin/../lib/gcc/arm-none-eabi/5.3.1/../../../../arm-none-eabi/lib/armv7e-m\libc.a(lib_a-fputwc.o)
                0x004055c0                _fputwc_r
 .text._malloc_trim_r
                0x004055e4       0x9c c:/program files (x86)/atmel/studio/7.0/toolchain/arm/arm-gnu-toolchain/bin/../lib/gcc/arm-none-eabi/5.3.1/../../../../arm-none-eabi/lib/armv7e-m\libc.a(lib_a-freer.o)
                0x004055e4                _malloc_trim_r
 .text._free_r  0x00405680      0x1d0 c:/program files (x86)/atmel/studio/7.0/toolchain/arm/arm-gnu-toolchain/bin/../lib/gcc/arm-none-eabi/5.3.1/../../../../arm-none-eabi/lib/armv7e-m\libc.a(lib_a-freer.o)
                0x00405680                _free_r
 .text.__sfvwrite_r
                0x00405850      0x304 c:/program files (x86)/atmel/studio/7.0/toolchain/arm/arm-gnu-toolchain/bin/../lib/gcc/arm-none-eabi/5.3.1/../../../../arm-none-eabi/lib/armv7e-m\libc.a(lib_a-fvwrite.o)
                0x00405850                __sfvwrite_r
 .text._fwalk_reent
                0x00405b54       0x54 c:/program files (x86)/atmel/studio/7.0/toolchain/arm/arm-gnu-toolchain/bin/../lib/gcc/arm-none-eabi/5.3.1/../../../../arm-none-eabi/lib/armv7e-m\libc.a(lib_a-fwalk.o)
                0x00405b54                _fwalk_reent
 .text.__locale_charset
                0x00405ba8        0x8 c:/program files (x86)/atmel/studio/7.0/toolchain/arm/arm-gnu-toolchain/bin/../lib/gcc/arm-none-eabi/5.3.1/../../../../arm-none-eabi/lib/armv7e-m\libc.a(lib_a-locale.o)
                0x00405ba8                __locale_charset
 .text.__locale_mb_cur_max
                0x00405bb0        0xc c:/program files (x86)/atmel/studio/7.0/toolchain/arm/arm-gnu-toolchain/bin/../lib/gcc/arm-none-eabi/5.3.1/../../../../arm-none-eabi/lib/armv7e-m\libc.a(lib_a-locale.o)
                0x00405bb0                __locale_mb_cur_max
 .text.__swhatbuf_r
                0x00405bbc       0x60 c:/program files (x86)/atmel/studio/7.0/toolchain/arm/arm-gnu-toolchain/bin/../lib/gcc/arm-none-eabi/5.3.1/../../../../arm-none-eabi/lib/armv7e-m\libc.a(lib_a-makebuf.o)
                0x00405bbc                __swhatbuf_r
 .text.__smakebuf_r
                0x00405c1c       0x88 c:/program files (x86)/atmel/studio/7.0/toolchain/arm/arm-gnu-toolchain/bin/../lib/gcc/arm-none-eabi/5.3.1/../../../../arm-none-eabi/lib/armv7e-m\libc.a(lib_a-makebuf.o)
                0x00405c1c                __smakebuf_r
 .text.malloc   0x00405ca4       0x10 c:/program files (x86)/atmel/studio/7.0/toolchain/arm/arm-gnu-toolchain/bin/../lib/gcc/arm-none-eabi/5.3.1/../../../../arm-none-eabi/lib/armv7e-m\libc.a(lib_a-malloc.o)
                0x00405ca4                malloc
 .text._malloc_r
                0x00405cb4      0x570 c:/program files (x86)/atmel/studio/7.0/toolchain/arm/arm-gnu-toolchain/bin/../lib/gcc/arm-none-eabi/5.3.1/../../../../arm-none-eabi/lib/armv7e-m\libc.a(lib_a-mallocr.o)
                0x00405cb4                _malloc_r
 *fill*         0x00406224        0xc 
 .text          0x00406230       0xa0 c:/program files (x86)/atmel/studio/7.0/toolchain/arm/arm-gnu-toolchain/bin/../lib/gcc/arm-none-eabi/5.3.1/../../../../arm-none-eabi/lib/armv7e-m\libc.a(lib_a-memchr.o)
                0x00406230                memchr
 .text          0x004062d0      0x134 c:/program files (x86)/atmel/studio/7.0/toolchain/arm/arm-gnu-toolchain/bin/../lib/gcc/arm-none-eabi/5.3.1/../../../../arm-none-eabi/lib/armv7e-m\libc.a(lib_a-memcpy.o)
                0x004062d0                memcpy
 .text.memmove  0x00406404       0xc8 c:/program files (x86)/atmel/studio/7.0/toolchain/arm/arm-gnu-toolchain/bin/../lib/gcc/arm-none-eabi/5.3.1/../../../../arm-none-eabi/lib/armv7e-m\libc.a(lib_a-memmove.o)
                0x00406404                memmove
 .text.__malloc_lock
                0x004064cc        0x4 c:/program files (x86)/atmel/studio/7.0/toolchain/arm/arm-gnu-toolchain/bin/../lib/gcc/arm-none-eabi/5.3.1/../../../../arm-none-eabi/lib/armv7e-m\libc.a(lib_a-mlock.o)
                0x004064cc                __malloc_lock
 .text.__malloc_unlock
                0x004064d0        0x4 c:/program files (x86)/atmel/studio/7.0/toolchain/arm/arm-gnu-toolchain/bin/../lib/gcc/arm-none-eabi/5.3.1/../../../../arm-none-eabi/lib/armv7e-m\libc.a(lib_a-mlock.o)
                0x004064d0                __malloc_unlock
 .text._realloc_r
                0x004064d4      0x3e0 c:/program files (x86)/atmel/studio/7.0/toolchain/arm/arm-gnu-toolchain/bin/../lib/gcc/arm-none-eabi/5.3.1/../../../../arm-none-eabi/lib/armv7e-m\libc.a(lib_a-reallocr.o)
                0x004064d4                _realloc_r
 .text._sbrk_r  0x004068b4       0x24 c:/program files (x86)/atmel/studio/7.0/toolchain/arm/arm-gnu-toolchain/bin/../lib/gcc/arm-none-eabi/5.3.1/../../../../arm-none-eabi/lib/armv7e-m\libc.a(lib_a-sbrkr.o)
                0x004068b4                _sbrk_r
 .text.__sread  0x004068d8       0x24 c:/program files (x86)/atmel/studio/7.0/toolchain/arm/arm-gnu-toolchain/bin/../lib/gcc/arm-none-eabi/5.3.1/../../../../arm-none-eabi/lib/armv7e-m\libc.a(lib_a-stdio.o)
                0x004068d8                __sread
 .text.__swrite
                0x004068fc       0x3c c:/program files (x86)/atmel/studio/7.0/toolchain/arm/arm-gnu-toolchain/bin/../lib/gcc/arm-none-eabi/5.3.1/../../../../arm-none-eabi/lib/armv7e-m\libc.a(lib_a-stdio.o)
                0x004068fc                __swrite
 .text.__sseek  0x00406938       0x20 c:/program files (x86)/atmel/studio/7.0/toolchain/arm/arm-gnu-toolchain/bin/../lib/gcc/arm-none-eabi/5.3.1/../../../../arm-none-eabi/lib/armv7e-m\libc.a(lib_a-stdio.o)
                0x00406938                __sseek
 .text.__sclose
                0x00406958        0x8 c:/program files (x86)/atmel/studio/7.0/toolchain/arm/arm-gnu-toolchain/bin/../lib/gcc/arm-none-eabi/5.3.1/../../../../arm-none-eabi/lib/armv7e-m\libc.a(lib_a-stdio.o)
                0x00406958                __sclose
 *fill*         0x00406960       0x20 
 .text          0x00406980       0xdc c:/program files (x86)/atmel/studio/7.0/toolchain/arm/arm-gnu-toolchain/bin/../lib/gcc/arm-none-eabi/5.3.1/../../../../arm-none-eabi/lib/armv7e-m\libc.a(lib_a-strlen.o)
                0x00406980                strlen
 .text.__swbuf_r
                0x00406a5c       0xac c:/program files (x86)/atmel/studio/7.0/toolchain/arm/arm-gnu-toolchain/bin/../lib/gcc/arm-none-eabi/5.3.1/../../../../arm-none-eabi/lib/armv7e-m\libc.a(lib_a-wbuf.o)
                0x00406a5c                __swbuf_r
 .text._wcrtomb_r
                0x00406b08       0x54 c:/program files (x86)/atmel/studio/7.0/toolchain/arm/arm-gnu-toolchain/bin/../lib/gcc/arm-none-eabi/5.3.1/../../../../arm-none-eabi/lib/armv7e-m\libc.a(lib_a-wcrtomb.o)
                0x00406b08                _wcrtomb_r
 .text.__ascii_wctomb
                0x00406b5c       0x1c c:/program files (x86)/atmel/studio/7.0/toolchain/arm/arm-gnu-toolchain/bin/../lib/gcc/arm-none-eabi/5.3.1/../../../../arm-none-eabi/lib/armv7e-m\libc.a(lib_a-wctomb_r.o)
                0x00406b5c                __ascii_wctomb
 .text._write_r
                0x00406b78       0x2c c:/program files (x86)/atmel/studio/7.0/toolchain/arm/arm-gnu-toolchain/bin/../lib/gcc/arm-none-eabi/5.3.1/../../../../arm-none-eabi/lib/armv7e-m\libc.a(lib_a-writer.o)
                0x00406b78                _write_r
 .text.__register_exitproc
                0x00406ba4       0xa4 c:/program files (x86)/atmel/studio/7.0/toolchain/arm/arm-gnu-toolchain/bin/../lib/gcc/arm-none-eabi/5.3.1/../../../../arm-none-eabi/lib/armv7e-m\libc.a(lib_a-__atexit.o)
                0x00406ba4                __register_exitproc
 .text._close_r
                0x00406c48       0x24 c:/program files (x86)/atmel/studio/7.0/toolchain/arm/arm-gnu-toolchain/bin/../lib/gcc/arm-none-eabi/5.3.1/../../../../arm-none-eabi/lib/armv7e-m\libc.a(lib_a-closer.o)
                0x00406c48                _close_r
 .text._fclose_r
                0x00406c6c       0x84 c:/program files (x86)/atmel/studio/7.0/toolchain/arm/arm-gnu-toolchain/bin/../lib/gcc/arm-none-eabi/5.3.1/../../../../arm-none-eabi/lib/armv7e-m\libc.a(lib_a-fclose.o)
                0x00406c6c                _fclose_r
 .text._fstat_r
                0x00406cf0       0x28 c:/program files (x86)/atmel/studio/7.0/toolchain/arm/arm-gnu-toolchain/bin/../lib/gcc/arm-none-eabi/5.3.1/../../../../arm-none-eabi/lib/armv7e-m\libc.a(lib_a-fstatr.o)
                0x00406cf0                _fstat_r
 .text._isatty_r
                0x00406d18       0x24 c:/program files (x86)/atmel/studio/7.0/toolchain/arm/arm-gnu-toolchain/bin/../lib/gcc/arm-none-eabi/5.3.1/../../../../arm-none-eabi/lib/armv7e-m\libc.a(lib_a-isattyr.o)
                0x00406d18                _isatty_r
 .text._lseek_r
                0x00406d3c       0x2c c:/program files (x86)/atmel/studio/7.0/toolchain/arm/arm-gnu-toolchain/bin/../lib/gcc/arm-none-eabi/5.3.1/../../../../arm-none-eabi/lib/armv7e-m\libc.a(lib_a-lseekr.o)
                0x00406d3c                _lseek_r
 .text._read_r  0x00406d68       0x2c c:/program files (x86)/atmel/studio/7.0/toolchain/arm/arm-gnu-toolchain/bin/../lib/gcc/arm-none-eabi/5.3.1/../../../../arm-none-eabi/lib/armv7e-m\libc.a(lib_a-readr.o)
                0x00406d68                _read_r
 .text          0x00406d94       0x30 c:/program files (x86)/atmel/studio/7.0/toolchain/arm/arm-gnu-toolchain/bin/../lib/gcc/arm-none-eabi/5.3.1/armv7e-m\libgcc.a(_aeabi_uldivmod.o)
                0x00406d94                __aeabi_uldivmod
 .text          0x00406dc4      0x2e4 c:/program files (x86)/atmel/studio/7.0/toolchain/arm/arm-gnu-toolchain/bin/../lib/gcc/arm-none-eabi/5.3.1/armv7e-m\libgcc.a(_udivmoddi4.o)
                0x00406dc4                __udivmoddi4
 .text          0x004070a8        0x4 c:/program files (x86)/atmel/studio/7.0/toolchain/arm/arm-gnu-toolchain/bin/../lib/gcc/arm-none-eabi/5.3.1/armv7e-m\libgcc.a(_dvmd_tls.o)
                0x004070a8                __aeabi_idiv0
                0x004070a8                __aeabi_ldiv0
 *(.glue_7t)
 .glue_7t       0x004070ac        0x0 linker stubs
 *(.glue_7)
 .glue_7        0x004070ac        0x0 linker stubs
 *(.rodata .rodata* .gnu.linkonce.r.*)
 .rodata.sd_trans_multipliers
                0x004070ac       0x40 src/ASF/common/components/memory/sd_mmc/sd_mmc.o
                0x004070ac                sd_trans_multipliers
 .rodata.sd_mmc_trans_units
                0x004070ec       0x1c src/ASF/common/components/memory/sd_mmc/sd_mmc.o
                0x004070ec                sd_mmc_trans_units
 .rodata.mmc_trans_multipliers
                0x00407108       0x40 src/ASF/common/components/memory/sd_mmc/sd_mmc.o
                0x00407108                mmc_trans_multipliers
 .rodata.excvt.4611
                0x00407148       0x80 src/ASF/thirdparty/fatfs/fatfs-r0.09/src/ff.o
 .rodata.str1.4
                0x004071c8       0x48 src/ASF/thirdparty/fatfs/fatfs-r0.09/src/ff.o
 .rodata.LfnOfs
                0x00407210        0xd src/ASF/thirdparty/fatfs/fatfs-r0.09/src/ff.o
 *fill*         0x0040721d        0x3 
 .rodata.Tbl    0x00407220      0x100 src/ASF/thirdparty/fatfs/fatfs-r0.09/src/option/ccsbcs.o
 .rodata.tbl_upper.4362
                0x00407320      0x1e0 src/ASF/thirdparty/fatfs/fatfs-r0.09/src/option/ccsbcs.o
 .rodata.tbl_lower.4361
                0x00407500      0x1e0 src/ASF/thirdparty/fatfs/fatfs-r0.09/src/option/ccsbcs.o
 .rodata.str1.4
                0x004076e0      0x1a6 src/example.o
 *fill*         0x00407886        0x2 
 .rodata.str1.4
                0x00407888        0x2 c:/program files (x86)/atmel/studio/7.0/toolchain/arm/arm-gnu-toolchain/bin/../lib/gcc/arm-none-eabi/5.3.1/../../../../arm-none-eabi/lib/armv7e-m\libc.a(lib_a-impure.o)
 *fill*         0x0040788a        0x2 
 .rodata._global_impure_ptr
                0x0040788c        0x4 c:/program files (x86)/atmel/studio/7.0/toolchain/arm/arm-gnu-toolchain/bin/../lib/gcc/arm-none-eabi/5.3.1/../../../../arm-none-eabi/lib/armv7e-m\libc.a(lib_a-impure.o)
                0x0040788c                _global_impure_ptr
 .rodata.zeroes.6993
                0x00407890       0x10 c:/program files (x86)/atmel/studio/7.0/toolchain/arm/arm-gnu-toolchain/bin/../lib/gcc/arm-none-eabi/5.3.1/../../../../arm-none-eabi/lib/armv7e-m\libc.a(lib_a-vfiprintf.o)
 .rodata.str1.4
                0x004078a0       0x30 c:/program files (x86)/atmel/studio/7.0/toolchain/arm/arm-gnu-toolchain/bin/../lib/gcc/arm-none-eabi/5.3.1/../../../../arm-none-eabi/lib/armv7e-m\libc.a(lib_a-vfiprintf.o)
                                 0x2f (size before relaxing)
 .rodata.blanks.6992
                0x004078d0       0x10 c:/program files (x86)/atmel/studio/7.0/toolchain/arm/arm-gnu-toolchain/bin/../lib/gcc/arm-none-eabi/5.3.1/../../../../arm-none-eabi/lib/armv7e-m\libc.a(lib_a-vfiprintf.o)
 *(.ARM.extab* .gnu.linkonce.armextab.*)
                0x004078e0                . = ALIGN (0x4)
 *(.init)
 .init          0x004078e0        0x4 c:/program files (x86)/atmel/studio/7.0/toolchain/arm/arm-gnu-toolchain/bin/../lib/gcc/arm-none-eabi/5.3.1/armv7e-m/crti.o
                0x004078e0                _init
 .init          0x004078e4        0x8 c:/program files (x86)/atmel/studio/7.0/toolchain/arm/arm-gnu-toolchain/bin/../lib/gcc/arm-none-eabi/5.3.1/armv7e-m/crtn.o
                0x004078ec                . = ALIGN (0x4)
                0x004078ec                __preinit_array_start = .
 *(.preinit_array)
                0x004078ec                __preinit_array_end = .
                0x004078ec                . = ALIGN (0x4)
                0x004078ec                __init_array_start = .
 *(SORT(.init_array.*))
 .init_array.00000
                0x004078ec        0x4 c:/program files (x86)/atmel/studio/7.0/toolchain/arm/arm-gnu-toolchain/bin/../lib/gcc/arm-none-eabi/5.3.1/../../../../arm-none-eabi/lib/armv7e-m\libc.a(lib_a-__call_atexit.o)
 *(.init_array)
 .init_array    0x004078f0        0x4 c:/program files (x86)/atmel/studio/7.0/toolchain/arm/arm-gnu-toolchain/bin/../lib/gcc/arm-none-eabi/5.3.1/armv7e-m/crtbegin.o
                0x004078f4                __init_array_end = .
                0x004078f4                . = ALIGN (0x4)
 *crtbegin.o(.ctors)
 *(EXCLUDE_FILE(*crtend.o) .ctors)
 *(SORT(.ctors.*))
 *crtend.o(.ctors)
                0x004078f4                . = ALIGN (0x4)
 *(.fini)
 .fini          0x004078f4        0x4 c:/program files (x86)/atmel/studio/7.0/toolchain/arm/arm-gnu-toolchain/bin/../lib/gcc/arm-none-eabi/5.3.1/armv7e-m/crti.o
                0x004078f4                _fini
 .fini          0x004078f8        0x8 c:/program files (x86)/atmel/studio/7.0/toolchain/arm/arm-gnu-toolchain/bin/../lib/gcc/arm-none-eabi/5.3.1/armv7e-m/crtn.o
                0x00407900                . = ALIGN (0x4)
                0x00407900                __fini_array_start = .
 *(.fini_array)
 .fini_array    0x00407900        0x4 c:/program files (x86)/atmel/studio/7.0/toolchain/arm/arm-gnu-toolchain/bin/../lib/gcc/arm-none-eabi/5.3.1/armv7e-m/crtbegin.o
 *(SORT(.fini_array.*))
                0x00407904                __fini_array_end = .
 *crtbegin.o(.dtors)
 *(EXCLUDE_FILE(*crtend.o) .dtors)
 *(SORT(.dtors.*))
 *crtend.o(.dtors)
                0x00407904                . = ALIGN (0x4)
                0x00407904                _efixed = .
                [!provide]                PROVIDE (__exidx_start, .)

.vfp11_veneer   0x00407904        0x0
 .vfp11_veneer  0x00407904        0x0 linker stubs

.v4_bx          0x00407904        0x0
 .v4_bx         0x00407904        0x0 linker stubs

.iplt           0x00407904        0x0
 .iplt          0x00407904        0x0 c:/program files (x86)/atmel/studio/7.0/toolchain/arm/arm-gnu-toolchain/bin/../lib/gcc/arm-none-eabi/5.3.1/armv7e-m/crtbegin.o

.ARM.exidx      0x00407904        0x8
 *(.ARM.exidx* .gnu.linkonce.armexidx.*)
 .ARM.exidx     0x00407904        0x8 c:/program files (x86)/atmel/studio/7.0/toolchain/arm/arm-gnu-toolchain/bin/../lib/gcc/arm-none-eabi/5.3.1/armv7e-m\libgcc.a(_udivmoddi4.o)
                [!provide]                PROVIDE (__exidx_end, .)

.eh_frame       0x0040790c        0x0
 .eh_frame      0x0040790c        0x0 c:/program files (x86)/atmel/studio/7.0/toolchain/arm/arm-gnu-toolchain/bin/../lib/gcc/arm-none-eabi/5.3.1/armv7e-m/crtbegin.o

.rel.dyn        0x0040790c        0x0
 .rel.iplt      0x0040790c        0x0 c:/program files (x86)/atmel/studio/7.0/toolchain/arm/arm-gnu-toolchain/bin/../lib/gcc/arm-none-eabi/5.3.1/armv7e-m/crtbegin.o

.jcr            0x0040790c        0x0
 .jcr           0x0040790c        0x0 c:/program files (x86)/atmel/studio/7.0/toolchain/arm/arm-gnu-toolchain/bin/../lib/gcc/arm-none-eabi/5.3.1/armv7e-m/crtbegin.o

.igot.plt       0x0040790c        0x0
 .igot.plt      0x0040790c        0x0 c:/program files (x86)/atmel/studio/7.0/toolchain/arm/arm-gnu-toolchain/bin/../lib/gcc/arm-none-eabi/5.3.1/armv7e-m/crtbegin.o
                0x0040790c                . = ALIGN (0x4)
                0x0040790c                _etext = .

.relocate       0x20400000      0x89c load address 0x0040790c
                0x20400000                . = ALIGN (0x4)
                0x20400000                _srelocate = .
 *(.ramfunc .ramfunc.*)
 .ramfunc       0x20400000        0xc src/ASF/common/services/delay/sam/cycle_counter.o
                0x20400000                portable_delay_cycles
 *(.data .data.*)
 .data.sd_mmc_cards
                0x2040000c       0x24 src/ASF/common/components/memory/sd_mmc/sd_mmc.o
 .data.g_interrupt_enabled
                0x20400030        0x1 src/ASF/common/utils/interrupt/interrupt_sam_nvic.o
                0x20400030                g_interrupt_enabled
 *fill*         0x20400031        0x3 
 .data.SystemCoreClock
                0x20400034        0x4 src/ASF/sam/utils/cmsis/same70/source/templates/system_same70.o
                0x20400034                SystemCoreClock
 .data.impure_data
                0x20400038      0x428 c:/program files (x86)/atmel/studio/7.0/toolchain/arm/arm-gnu-toolchain/bin/../lib/gcc/arm-none-eabi/5.3.1/../../../../arm-none-eabi/lib/armv7e-m\libc.a(lib_a-impure.o)
 .data._impure_ptr
                0x20400460        0x4 c:/program files (x86)/atmel/studio/7.0/toolchain/arm/arm-gnu-toolchain/bin/../lib/gcc/arm-none-eabi/5.3.1/../../../../arm-none-eabi/lib/armv7e-m\libc.a(lib_a-impure.o)
                0x20400460                _impure_ptr
 .data.lc_ctype_charset
                0x20400464       0x20 c:/program files (x86)/atmel/studio/7.0/toolchain/arm/arm-gnu-toolchain/bin/../lib/gcc/arm-none-eabi/5.3.1/../../../../arm-none-eabi/lib/armv7e-m\libc.a(lib_a-locale.o)
 .data.__mb_cur_max
                0x20400484        0x4 c:/program files (x86)/atmel/studio/7.0/toolchain/arm/arm-gnu-toolchain/bin/../lib/gcc/arm-none-eabi/5.3.1/../../../../arm-none-eabi/lib/armv7e-m\libc.a(lib_a-locale.o)
                0x20400484                __mb_cur_max
 .data.__malloc_av_
                0x20400488      0x408 c:/program files (x86)/atmel/studio/7.0/toolchain/arm/arm-gnu-toolchain/bin/../lib/gcc/arm-none-eabi/5.3.1/../../../../arm-none-eabi/lib/armv7e-m\libc.a(lib_a-mallocr.o)
                0x20400488                __malloc_av_
 .data.__malloc_trim_threshold
                0x20400890        0x4 c:/program files (x86)/atmel/studio/7.0/toolchain/arm/arm-gnu-toolchain/bin/../lib/gcc/arm-none-eabi/5.3.1/../../../../arm-none-eabi/lib/armv7e-m\libc.a(lib_a-mallocr.o)
                0x20400890                __malloc_trim_threshold
 .data.__malloc_sbrk_base
                0x20400894        0x4 c:/program files (x86)/atmel/studio/7.0/toolchain/arm/arm-gnu-toolchain/bin/../lib/gcc/arm-none-eabi/5.3.1/../../../../arm-none-eabi/lib/armv7e-m\libc.a(lib_a-mallocr.o)
                0x20400894                __malloc_sbrk_base
 .data.__wctomb
                0x20400898        0x4 c:/program files (x86)/atmel/studio/7.0/toolchain/arm/arm-gnu-toolchain/bin/../lib/gcc/arm-none-eabi/5.3.1/../../../../arm-none-eabi/lib/armv7e-m\libc.a(lib_a-wctomb_r.o)
                0x20400898                __wctomb
                0x2040089c                . = ALIGN (0x4)
                0x2040089c                _erelocate = .

.bss            0x2040089c      0x114 load address 0x004081a8
                0x2040089c                . = ALIGN (0x4)
                0x2040089c                _sbss = .
                0x2040089c                _szero = .
 *(.bss .bss.*)
 .bss           0x2040089c       0x1c c:/program files (x86)/atmel/studio/7.0/toolchain/arm/arm-gnu-toolchain/bin/../lib/gcc/arm-none-eabi/5.3.1/armv7e-m/crtbegin.o
 .bss.sd_mmc_nb_block_to_tranfer
                0x204008b8        0x2 src/ASF/common/components/memory/sd_mmc/sd_mmc.o
 .bss.sd_mmc_sam_systick_used
                0x204008ba        0x1 src/ASF/common/components/memory/sd_mmc/sd_mmc.o
 *fill*         0x204008bb        0x1 
 .bss.sd_mmc_card
                0x204008bc        0x4 src/ASF/common/components/memory/sd_mmc/sd_mmc.o
 .bss.sd_mmc_nb_block_remaining
                0x204008c0        0x2 src/ASF/common/components/memory/sd_mmc/sd_mmc.o
 .bss.sd_mmc_slot_sel
                0x204008c2        0x1 src/ASF/common/components/memory/sd_mmc/sd_mmc.o
 *fill*         0x204008c3        0x1 
 .bss.sd_mmc_ejected
                0x204008c4        0x2 src/ASF/common/components/memory/sd_mmc/sd_mmc_mem.o
 .bss.hsmci_block_size
                0x204008c6        0x2 src/ASF/sam/drivers/hsmci/hsmci.o
 .bss.hsmci_nb_block
                0x204008c8        0x2 src/ASF/sam/drivers/hsmci/hsmci.o
 *fill*         0x204008ca        0x2 
 .bss.hsmci_transfert_pos
                0x204008cc        0x4 src/ASF/sam/drivers/hsmci/hsmci.o
 .bss.gs_interrupt_sources
                0x204008d0       0x70 src/ASF/sam/drivers/pio/pio_handler.o
 .bss.ul_reg_val.8198
                0x20400940        0x4 src/ASF/sam/drivers/usart/usart.o
 .bss.heap.5289
                0x20400944        0x4 src/ASF/sam/utils/syscalls/gcc/syscalls.o
 .bss.Fsid      0x20400948        0x2 src/ASF/thirdparty/fatfs/fatfs-r0.09/src/ff.o
 *fill*         0x2040094a        0x2 
 .bss.FatFs     0x2040094c       0x20 src/ASF/thirdparty/fatfs/fatfs-r0.09/src/ff.o
 .bss.__malloc_max_total_mem
                0x2040096c        0x4 c:/program files (x86)/atmel/studio/7.0/toolchain/arm/arm-gnu-toolchain/bin/../lib/gcc/arm-none-eabi/5.3.1/../../../../arm-none-eabi/lib/armv7e-m\libc.a(lib_a-mallocr.o)
                0x2040096c                __malloc_max_total_mem
 .bss.__malloc_max_sbrked_mem
                0x20400970        0x4 c:/program files (x86)/atmel/studio/7.0/toolchain/arm/arm-gnu-toolchain/bin/../lib/gcc/arm-none-eabi/5.3.1/../../../../arm-none-eabi/lib/armv7e-m\libc.a(lib_a-mallocr.o)
                0x20400970                __malloc_max_sbrked_mem
 .bss.__malloc_top_pad
                0x20400974        0x4 c:/program files (x86)/atmel/studio/7.0/toolchain/arm/arm-gnu-toolchain/bin/../lib/gcc/arm-none-eabi/5.3.1/../../../../arm-none-eabi/lib/armv7e-m\libc.a(lib_a-mallocr.o)
                0x20400974                __malloc_top_pad
 .bss.__malloc_current_mallinfo
                0x20400978       0x28 c:/program files (x86)/atmel/studio/7.0/toolchain/arm/arm-gnu-toolchain/bin/../lib/gcc/arm-none-eabi/5.3.1/../../../../arm-none-eabi/lib/armv7e-m\libc.a(lib_a-mallocr.o)
                0x20400978                __malloc_current_mallinfo
 *(COMMON)
 COMMON         0x204009a0        0x4 src/ASF/common/utils/stdio/read.o
                0x204009a0                ptr_get
 COMMON         0x204009a4        0x8 src/ASF/common/utils/stdio/write.o
                0x204009a4                ptr_put
                0x204009a8                stdio_base
 COMMON         0x204009ac        0x4 c:/program files (x86)/atmel/studio/7.0/toolchain/arm/arm-gnu-toolchain/bin/../lib/gcc/arm-none-eabi/5.3.1/../../../../arm-none-eabi/lib/armv7e-m\libc.a(lib_a-reent.o)
                0x204009ac                errno
                0x204009b0                . = ALIGN (0x4)
                0x204009b0                _ebss = .
                0x204009b0                _ezero = .

.stack          0x204009b0     0x2000 load address 0x004082bc
                0x204009b0                . = ALIGN (0x8)
                0x204009b0                _sstack = .
                0x204029b0                . = (. + STACK_SIZE)
 *fill*         0x204009b0     0x2000 
                0x204029b0                . = ALIGN (0x8)
                0x204029b0                _estack = .

.heap           0x204029b0      0x200 load address 0x0040a2bc
                0x204029b0                . = ALIGN (0x8)
                0x204029b0                _sheap = .
                0x20402bb0                . = (. + HEAP_SIZE)
 *fill*         0x204029b0      0x200 
                0x20402bb0                . = ALIGN (0x8)
                0x20402bb0                _eheap = .
                0x20402bb0                . = ALIGN (0x4)
                0x20402bb0                _end = .
                0x2045ffff                _ram_end_ = ((ORIGIN (ram) + LENGTH (ram)) - 0x1)
OUTPUT(SD_MMC_EXAMPLE21.elf elf32-littlearm)

.ARM.attributes
                0x00000000       0x2e
 .ARM.attributes
                0x00000000       0x1e c:/program files (x86)/atmel/studio/7.0/toolchain/arm/arm-gnu-toolchain/bin/../lib/gcc/arm-none-eabi/5.3.1/armv7e-m/crti.o
 .ARM.attributes
                0x0000001e       0x2e c:/program files (x86)/atmel/studio/7.0/toolchain/arm/arm-gnu-toolchain/bin/../lib/gcc/arm-none-eabi/5.3.1/armv7e-m/crtbegin.o
 .ARM.attributes
                0x0000004c       0x37 src/ASF/common/components/memory/sd_mmc/sd_mmc.o
 .ARM.attributes
                0x00000083       0x37 src/ASF/common/components/memory/sd_mmc/sd_mmc_mem.o
 .ARM.attributes
                0x000000ba       0x37 src/ASF/common/services/clock/same70/sysclk.o
 .ARM.attributes
                0x000000f1       0x37 src/ASF/common/services/delay/sam/cycle_counter.o
 .ARM.attributes
                0x00000128       0x37 src/ASF/common/services/storage/ctrl_access/ctrl_access.o
 .ARM.attributes
                0x0000015f       0x37 src/ASF/common/utils/interrupt/interrupt_sam_nvic.o
 .ARM.attributes
                0x00000196       0x37 src/ASF/common/utils/stdio/read.o
 .ARM.attributes
                0x000001cd       0x37 src/ASF/common/utils/stdio/write.o
 .ARM.attributes
                0x00000204       0x37 src/ASF/sam/boards/same70_xplained/init.o
 .ARM.attributes
                0x0000023b       0x37 src/ASF/sam/drivers/hsmci/hsmci.o
 .ARM.attributes
                0x00000272       0x37 src/ASF/sam/drivers/mpu/mpu.o
 .ARM.attributes
                0x000002a9       0x37 src/ASF/sam/drivers/pio/pio.o
 .ARM.attributes
                0x000002e0       0x37 src/ASF/sam/drivers/pio/pio_handler.o
 .ARM.attributes
                0x00000317       0x37 src/ASF/sam/drivers/pmc/pmc.o
 .ARM.attributes
                0x0000034e       0x37 src/ASF/sam/drivers/rtc/rtc.o
 .ARM.attributes
                0x00000385       0x37 src/ASF/sam/drivers/uart/uart.o
 .ARM.attributes
                0x000003bc       0x37 src/ASF/sam/drivers/usart/usart.o
 .ARM.attributes
                0x000003f3       0x37 src/ASF/sam/drivers/xdmac/xdmac.o
 .ARM.attributes
                0x0000042a       0x37 src/ASF/sam/utils/cmsis/same70/source/templates/gcc/startup_same70.o
 .ARM.attributes
                0x00000461       0x37 src/ASF/sam/utils/cmsis/same70/source/templates/system_same70.o
 .ARM.attributes
                0x00000498       0x37 src/ASF/sam/utils/syscalls/gcc/syscalls.o
 .ARM.attributes
                0x000004cf       0x37 src/ASF/thirdparty/fatfs/fatfs-port-r0.09/diskio.o
 .ARM.attributes
                0x00000506       0x37 src/ASF/thirdparty/fatfs/fatfs-port-r0.09/sam/fattime_rtc.o
 .ARM.attributes
                0x0000053d       0x37 src/ASF/thirdparty/fatfs/fatfs-r0.09/src/ff.o
 .ARM.attributes
                0x00000574       0x37 src/ASF/thirdparty/fatfs/fatfs-r0.09/src/option/ccsbcs.o
 .ARM.attributes
                0x000005ab       0x37 src/example.o
 .ARM.attributes
                0x000005e2       0x2e c:/program files (x86)/atmel/studio/7.0/toolchain/arm/arm-gnu-toolchain/bin/../lib/gcc/arm-none-eabi/5.3.1/../../../../arm-none-eabi/lib/armv7e-m\libc.a(lib_a-impure.o)
 .ARM.attributes
                0x00000610       0x2e c:/program files (x86)/atmel/studio/7.0/toolchain/arm/arm-gnu-toolchain/bin/../lib/gcc/arm-none-eabi/5.3.1/../../../../arm-none-eabi/lib/armv7e-m\libc.a(lib_a-init.o)
 .ARM.attributes
                0x0000063e       0x2e c:/program files (x86)/atmel/studio/7.0/toolchain/arm/arm-gnu-toolchain/bin/../lib/gcc/arm-none-eabi/5.3.1/../../../../arm-none-eabi/lib/armv7e-m\libc.a(lib_a-iprintf.o)
 .ARM.attributes
                0x0000066c       0x2e c:/program files (x86)/atmel/studio/7.0/toolchain/arm/arm-gnu-toolchain/bin/../lib/gcc/arm-none-eabi/5.3.1/../../../../arm-none-eabi/lib/armv7e-m\libc.a(lib_a-memset.o)
 .ARM.attributes
                0x0000069a       0x2e c:/program files (x86)/atmel/studio/7.0/toolchain/arm/arm-gnu-toolchain/bin/../lib/gcc/arm-none-eabi/5.3.1/../../../../arm-none-eabi/lib/armv7e-m\libc.a(lib_a-setbuf.o)
 .ARM.attributes
                0x000006c8       0x2e c:/program files (x86)/atmel/studio/7.0/toolchain/arm/arm-gnu-toolchain/bin/../lib/gcc/arm-none-eabi/5.3.1/../../../../arm-none-eabi/lib/armv7e-m\libc.a(lib_a-setvbuf.o)
 .ARM.attributes
                0x000006f6       0x2e c:/program files (x86)/atmel/studio/7.0/toolchain/arm/arm-gnu-toolchain/bin/../lib/gcc/arm-none-eabi/5.3.1/../../../../arm-none-eabi/lib/armv7e-m\libc.a(lib_a-vfiprintf.o)
 .ARM.attributes
                0x00000724       0x2e c:/program files (x86)/atmel/studio/7.0/toolchain/arm/arm-gnu-toolchain/bin/../lib/gcc/arm-none-eabi/5.3.1/../../../../arm-none-eabi/lib/armv7e-m\libc.a(lib_a-wsetup.o)
 .ARM.attributes
                0x00000752       0x2e c:/program files (x86)/atmel/studio/7.0/toolchain/arm/arm-gnu-toolchain/bin/../lib/gcc/arm-none-eabi/5.3.1/../../../../arm-none-eabi/lib/armv7e-m\libc.a(lib_a-__call_atexit.o)
 .ARM.attributes
                0x00000780       0x2e c:/program files (x86)/atmel/studio/7.0/toolchain/arm/arm-gnu-toolchain/bin/../lib/gcc/arm-none-eabi/5.3.1/../../../../arm-none-eabi/lib/armv7e-m\libc.a(lib_a-atexit.o)
 .ARM.attributes
                0x000007ae       0x2e c:/program files (x86)/atmel/studio/7.0/toolchain/arm/arm-gnu-toolchain/bin/../lib/gcc/arm-none-eabi/5.3.1/../../../../arm-none-eabi/lib/armv7e-m\libc.a(lib_a-fflush.o)
 .ARM.attributes
                0x000007dc       0x2e c:/program files (x86)/atmel/studio/7.0/toolchain/arm/arm-gnu-toolchain/bin/../lib/gcc/arm-none-eabi/5.3.1/../../../../arm-none-eabi/lib/armv7e-m\libc.a(lib_a-findfp.o)
 .ARM.attributes
                0x0000080a       0x2e c:/program files (x86)/atmel/studio/7.0/toolchain/arm/arm-gnu-toolchain/bin/../lib/gcc/arm-none-eabi/5.3.1/../../../../arm-none-eabi/lib/armv7e-m\libc.a(lib_a-fini.o)
 .ARM.attributes
                0x00000838       0x2e c:/program files (x86)/atmel/studio/7.0/toolchain/arm/arm-gnu-toolchain/bin/../lib/gcc/arm-none-eabi/5.3.1/../../../../arm-none-eabi/lib/armv7e-m\libc.a(lib_a-fputwc.o)
 .ARM.attributes
                0x00000866       0x2e c:/program files (x86)/atmel/studio/7.0/toolchain/arm/arm-gnu-toolchain/bin/../lib/gcc/arm-none-eabi/5.3.1/../../../../arm-none-eabi/lib/armv7e-m\libc.a(lib_a-freer.o)
 .ARM.attributes
                0x00000894       0x2e c:/program files (x86)/atmel/studio/7.0/toolchain/arm/arm-gnu-toolchain/bin/../lib/gcc/arm-none-eabi/5.3.1/../../../../arm-none-eabi/lib/armv7e-m\libc.a(lib_a-fvwrite.o)
 .ARM.attributes
                0x000008c2       0x2e c:/program files (x86)/atmel/studio/7.0/toolchain/arm/arm-gnu-toolchain/bin/../lib/gcc/arm-none-eabi/5.3.1/../../../../arm-none-eabi/lib/armv7e-m\libc.a(lib_a-fwalk.o)
 .ARM.attributes
                0x000008f0       0x2e c:/program files (x86)/atmel/studio/7.0/toolchain/arm/arm-gnu-toolchain/bin/../lib/gcc/arm-none-eabi/5.3.1/../../../../arm-none-eabi/lib/armv7e-m\libc.a(lib_a-locale.o)
 .ARM.attributes
                0x0000091e       0x2e c:/program files (x86)/atmel/studio/7.0/toolchain/arm/arm-gnu-toolchain/bin/../lib/gcc/arm-none-eabi/5.3.1/../../../../arm-none-eabi/lib/armv7e-m\libc.a(lib_a-makebuf.o)
 .ARM.attributes
                0x0000094c       0x2e c:/program files (x86)/atmel/studio/7.0/toolchain/arm/arm-gnu-toolchain/bin/../lib/gcc/arm-none-eabi/5.3.1/../../../../arm-none-eabi/lib/armv7e-m\libc.a(lib_a-malloc.o)
 .ARM.attributes
                0x0000097a       0x2e c:/program files (x86)/atmel/studio/7.0/toolchain/arm/arm-gnu-toolchain/bin/../lib/gcc/arm-none-eabi/5.3.1/../../../../arm-none-eabi/lib/armv7e-m\libc.a(lib_a-mallocr.o)
 .ARM.attributes
                0x000009a8       0x1c c:/program files (x86)/atmel/studio/7.0/toolchain/arm/arm-gnu-toolchain/bin/../lib/gcc/arm-none-eabi/5.3.1/../../../../arm-none-eabi/lib/armv7e-m\libc.a(lib_a-memchr.o)
 .ARM.attributes
                0x000009c4       0x1c c:/program files (x86)/atmel/studio/7.0/toolchain/arm/arm-gnu-toolchain/bin/../lib/gcc/arm-none-eabi/5.3.1/../../../../arm-none-eabi/lib/armv7e-m\libc.a(lib_a-memcpy.o)
 .ARM.attributes
                0x000009e0       0x2e c:/program files (x86)/atmel/studio/7.0/toolchain/arm/arm-gnu-toolchain/bin/../lib/gcc/arm-none-eabi/5.3.1/../../../../arm-none-eabi/lib/armv7e-m\libc.a(lib_a-memmove.o)
 .ARM.attributes
                0x00000a0e       0x2e c:/program files (x86)/atmel/studio/7.0/toolchain/arm/arm-gnu-toolchain/bin/../lib/gcc/arm-none-eabi/5.3.1/../../../../arm-none-eabi/lib/armv7e-m\libc.a(lib_a-mlock.o)
 .ARM.attributes
                0x00000a3c       0x2e c:/program files (x86)/atmel/studio/7.0/toolchain/arm/arm-gnu-toolchain/bin/../lib/gcc/arm-none-eabi/5.3.1/../../../../arm-none-eabi/lib/armv7e-m\libc.a(lib_a-reallocr.o)
 .ARM.attributes
                0x00000a6a       0x2e c:/program files (x86)/atmel/studio/7.0/toolchain/arm/arm-gnu-toolchain/bin/../lib/gcc/arm-none-eabi/5.3.1/../../../../arm-none-eabi/lib/armv7e-m\libc.a(lib_a-sbrkr.o)
 .ARM.attributes
                0x00000a98       0x2e c:/program files (x86)/atmel/studio/7.0/toolchain/arm/arm-gnu-toolchain/bin/../lib/gcc/arm-none-eabi/5.3.1/../../../../arm-none-eabi/lib/armv7e-m\libc.a(lib_a-stdio.o)
 .ARM.attributes
                0x00000ac6       0x1c c:/program files (x86)/atmel/studio/7.0/toolchain/arm/arm-gnu-toolchain/bin/../lib/gcc/arm-none-eabi/5.3.1/../../../../arm-none-eabi/lib/armv7e-m\libc.a(lib_a-strlen.o)
 .ARM.attributes
                0x00000ae2       0x2e c:/program files (x86)/atmel/studio/7.0/toolchain/arm/arm-gnu-toolchain/bin/../lib/gcc/arm-none-eabi/5.3.1/../../../../arm-none-eabi/lib/armv7e-m\libc.a(lib_a-wbuf.o)
 .ARM.attributes
                0x00000b10       0x2e c:/program files (x86)/atmel/studio/7.0/toolchain/arm/arm-gnu-toolchain/bin/../lib/gcc/arm-none-eabi/5.3.1/../../../../arm-none-eabi/lib/armv7e-m\libc.a(lib_a-wcrtomb.o)
 .ARM.attributes
                0x00000b3e       0x2e c:/program files (x86)/atmel/studio/7.0/toolchain/arm/arm-gnu-toolchain/bin/../lib/gcc/arm-none-eabi/5.3.1/../../../../arm-none-eabi/lib/armv7e-m\libc.a(lib_a-wctomb_r.o)
 .ARM.attributes
                0x00000b6c       0x2e c:/program files (x86)/atmel/studio/7.0/toolchain/arm/arm-gnu-toolchain/bin/../lib/gcc/arm-none-eabi/5.3.1/../../../../arm-none-eabi/lib/armv7e-m\libc.a(lib_a-writer.o)
 .ARM.attributes
                0x00000b9a       0x2e c:/program files (x86)/atmel/studio/7.0/toolchain/arm/arm-gnu-toolchain/bin/../lib/gcc/arm-none-eabi/5.3.1/../../../../arm-none-eabi/lib/armv7e-m\libc.a(lib_a-__atexit.o)
 .ARM.attributes
                0x00000bc8       0x2e c:/program files (x86)/atmel/studio/7.0/toolchain/arm/arm-gnu-toolchain/bin/../lib/gcc/arm-none-eabi/5.3.1/../../../../arm-none-eabi/lib/armv7e-m\libc.a(lib_a-closer.o)
 .ARM.attributes
                0x00000bf6       0x2e c:/program files (x86)/atmel/studio/7.0/toolchain/arm/arm-gnu-toolchain/bin/../lib/gcc/arm-none-eabi/5.3.1/../../../../arm-none-eabi/lib/armv7e-m\libc.a(lib_a-fclose.o)
 .ARM.attributes
                0x00000c24       0x2e c:/program files (x86)/atmel/studio/7.0/toolchain/arm/arm-gnu-toolchain/bin/../lib/gcc/arm-none-eabi/5.3.1/../../../../arm-none-eabi/lib/armv7e-m\libc.a(lib_a-fstatr.o)
 .ARM.attributes
                0x00000c52       0x2e c:/program files (x86)/atmel/studio/7.0/toolchain/arm/arm-gnu-toolchain/bin/../lib/gcc/arm-none-eabi/5.3.1/../../../../arm-none-eabi/lib/armv7e-m\libc.a(lib_a-isattyr.o)
 .ARM.attributes
                0x00000c80       0x2e c:/program files (x86)/atmel/studio/7.0/toolchain/arm/arm-gnu-toolchain/bin/../lib/gcc/arm-none-eabi/5.3.1/../../../../arm-none-eabi/lib/armv7e-m\libc.a(lib_a-lseekr.o)
 .ARM.attributes
                0x00000cae       0x2e c:/program files (x86)/atmel/studio/7.0/toolchain/arm/arm-gnu-toolchain/bin/../lib/gcc/arm-none-eabi/5.3.1/../../../../arm-none-eabi/lib/armv7e-m\libc.a(lib_a-readr.o)
 .ARM.attributes
                0x00000cdc       0x2e c:/program files (x86)/atmel/studio/7.0/toolchain/arm/arm-gnu-toolchain/bin/../lib/gcc/arm-none-eabi/5.3.1/../../../../arm-none-eabi/lib/armv7e-m\libc.a(lib_a-reent.o)
 .ARM.attributes
                0x00000d0a       0x1e c:/program files (x86)/atmel/studio/7.0/toolchain/arm/arm-gnu-toolchain/bin/../lib/gcc/arm-none-eabi/5.3.1/armv7e-m\libgcc.a(_aeabi_uldivmod.o)
 .ARM.attributes
                0x00000d28       0x2e c:/program files (x86)/atmel/studio/7.0/toolchain/arm/arm-gnu-toolchain/bin/../lib/gcc/arm-none-eabi/5.3.1/armv7e-m\libgcc.a(_udivmoddi4.o)
 .ARM.attributes
                0x00000d56       0x1e c:/program files (x86)/atmel/studio/7.0/toolchain/arm/arm-gnu-toolchain/bin/../lib/gcc/arm-none-eabi/5.3.1/armv7e-m\libgcc.a(_dvmd_tls.o)
 .ARM.attributes
                0x00000d74       0x1e c:/program files (x86)/atmel/studio/7.0/toolchain/arm/arm-gnu-toolchain/bin/../lib/gcc/arm-none-eabi/5.3.1/armv7e-m/crtn.o

.comment        0x00000000       0x59
 .comment       0x00000000       0x59 src/ASF/common/components/memory/sd_mmc/sd_mmc.o
                                 0x5a (size before relaxing)
 .comment       0x00000059       0x5a src/ASF/common/components/memory/sd_mmc/sd_mmc_mem.o
 .comment       0x00000059       0x5a src/ASF/common/services/clock/same70/sysclk.o
 .comment       0x00000059       0x5a src/ASF/common/services/delay/sam/cycle_counter.o
 .comment       0x00000059       0x5a src/ASF/common/services/storage/ctrl_access/ctrl_access.o
 .comment       0x00000059       0x5a src/ASF/common/utils/interrupt/interrupt_sam_nvic.o
 .comment       0x00000059       0x5a src/ASF/common/utils/stdio/read.o
 .comment       0x00000059       0x5a src/ASF/common/utils/stdio/write.o
 .comment       0x00000059       0x5a src/ASF/sam/boards/same70_xplained/init.o
 .comment       0x00000059       0x5a src/ASF/sam/drivers/hsmci/hsmci.o
 .comment       0x00000059       0x5a src/ASF/sam/drivers/mpu/mpu.o
 .comment       0x00000059       0x5a src/ASF/sam/drivers/pio/pio.o
 .comment       0x00000059       0x5a src/ASF/sam/drivers/pio/pio_handler.o
 .comment       0x00000059       0x5a src/ASF/sam/drivers/pmc/pmc.o
 .comment       0x00000059       0x5a src/ASF/sam/drivers/rtc/rtc.o
 .comment       0x00000059       0x5a src/ASF/sam/drivers/uart/uart.o
 .comment       0x00000059       0x5a src/ASF/sam/drivers/usart/usart.o
 .comment       0x00000059       0x5a src/ASF/sam/drivers/xdmac/xdmac.o
 .comment       0x00000059       0x5a src/ASF/sam/utils/cmsis/same70/source/templates/gcc/startup_same70.o
 .comment       0x00000059       0x5a src/ASF/sam/utils/cmsis/same70/source/templates/system_same70.o
 .comment       0x00000059       0x5a src/ASF/sam/utils/syscalls/gcc/syscalls.o
 .comment       0x00000059       0x5a src/ASF/thirdparty/fatfs/fatfs-port-r0.09/diskio.o
 .comment       0x00000059       0x5a src/ASF/thirdparty/fatfs/fatfs-port-r0.09/sam/fattime_rtc.o
 .comment       0x00000059       0x5a src/ASF/thirdparty/fatfs/fatfs-r0.09/src/ff.o
 .comment       0x00000059       0x5a src/ASF/thirdparty/fatfs/fatfs-r0.09/src/option/ccsbcs.o
 .comment       0x00000059       0x5a src/example.o

.debug_info     0x00000000    0x15dc4
 .debug_info    0x00000000     0x2527 src/ASF/common/components/memory/sd_mmc/sd_mmc.o
 .debug_info    0x00002527      0x7bb src/ASF/common/components/memory/sd_mmc/sd_mmc_mem.o
 .debug_info    0x00002ce2      0x846 src/ASF/common/services/clock/same70/sysclk.o
 .debug_info    0x00003528      0x134 src/ASF/common/services/delay/sam/cycle_counter.o
 .debug_info    0x0000365c      0x59b src/ASF/common/services/storage/ctrl_access/ctrl_access.o
 .debug_info    0x00003bf7      0x1e4 src/ASF/common/utils/interrupt/interrupt_sam_nvic.o
 .debug_info    0x00003ddb      0x1bb src/ASF/common/utils/stdio/read.o
 .debug_info    0x00003f96      0x1c0 src/ASF/common/utils/stdio/write.o
 .debug_info    0x00004156     0x1f34 src/ASF/sam/boards/same70_xplained/init.o
 .debug_info    0x0000608a     0x1e7a src/ASF/sam/drivers/hsmci/hsmci.o
 .debug_info    0x00007f04      0x50c src/ASF/sam/drivers/mpu/mpu.o
 .debug_info    0x00008410     0x1888 src/ASF/sam/drivers/pio/pio.o
 .debug_info    0x00009c98     0x11e6 src/ASF/sam/drivers/pio/pio_handler.o
 .debug_info    0x0000ae7e     0x1533 src/ASF/sam/drivers/pmc/pmc.o
 .debug_info    0x0000c3b1      0x7e4 src/ASF/sam/drivers/rtc/rtc.o
 .debug_info    0x0000cb95      0x726 src/ASF/sam/drivers/uart/uart.o
 .debug_info    0x0000d2bb     0x1a43 src/ASF/sam/drivers/usart/usart.o
 .debug_info    0x0000ecfe      0x78d src/ASF/sam/drivers/xdmac/xdmac.o
 .debug_info    0x0000f48b      0xc1d src/ASF/sam/utils/cmsis/same70/source/templates/gcc/startup_same70.o
 .debug_info    0x000100a8      0x56c src/ASF/sam/utils/cmsis/same70/source/templates/system_same70.o
 .debug_info    0x00010614      0x427 src/ASF/sam/utils/syscalls/gcc/syscalls.o
 .debug_info    0x00010a3b      0x4a6 src/ASF/thirdparty/fatfs/fatfs-port-r0.09/diskio.o
 .debug_info    0x00010ee1      0x2b0 src/ASF/thirdparty/fatfs/fatfs-port-r0.09/sam/fattime_rtc.o
 .debug_info    0x00011191     0x333f src/ASF/thirdparty/fatfs/fatfs-r0.09/src/ff.o
 .debug_info    0x000144d0      0x176 src/ASF/thirdparty/fatfs/fatfs-r0.09/src/option/ccsbcs.o
 .debug_info    0x00014646     0x177e src/example.o

.debug_abbrev   0x00000000     0x358f
 .debug_abbrev  0x00000000      0x3e8 src/ASF/common/components/memory/sd_mmc/sd_mmc.o
 .debug_abbrev  0x000003e8      0x1ea src/ASF/common/components/memory/sd_mmc/sd_mmc_mem.o
 .debug_abbrev  0x000005d2      0x230 src/ASF/common/services/clock/same70/sysclk.o
 .debug_abbrev  0x00000802       0x9d src/ASF/common/services/delay/sam/cycle_counter.o
 .debug_abbrev  0x0000089f      0x1b7 src/ASF/common/services/storage/ctrl_access/ctrl_access.o
 .debug_abbrev  0x00000a56       0xed src/ASF/common/utils/interrupt/interrupt_sam_nvic.o
 .debug_abbrev  0x00000b43      0x101 src/ASF/common/utils/stdio/read.o
 .debug_abbrev  0x00000c44       0xf5 src/ASF/common/utils/stdio/write.o
 .debug_abbrev  0x00000d39      0x2bf src/ASF/sam/boards/same70_xplained/init.o
 .debug_abbrev  0x00000ff8      0x4d6 src/ASF/sam/drivers/hsmci/hsmci.o
 .debug_abbrev  0x000014ce      0x231 src/ASF/sam/drivers/mpu/mpu.o
 .debug_abbrev  0x000016ff      0x31a src/ASF/sam/drivers/pio/pio.o
 .debug_abbrev  0x00001a19      0x25d src/ASF/sam/drivers/pio/pio_handler.o
 .debug_abbrev  0x00001c76      0x2bd src/ASF/sam/drivers/pmc/pmc.o
 .debug_abbrev  0x00001f33      0x1df src/ASF/sam/drivers/rtc/rtc.o
 .debug_abbrev  0x00002112      0x1a3 src/ASF/sam/drivers/uart/uart.o
 .debug_abbrev  0x000022b5      0x2dc src/ASF/sam/drivers/usart/usart.o
 .debug_abbrev  0x00002591      0x160 src/ASF/sam/drivers/xdmac/xdmac.o
 .debug_abbrev  0x000026f1      0x221 src/ASF/sam/utils/cmsis/same70/source/templates/gcc/startup_same70.o
 .debug_abbrev  0x00002912       0xf5 src/ASF/sam/utils/cmsis/same70/source/templates/system_same70.o
 .debug_abbrev  0x00002a07      0x14b src/ASF/sam/utils/syscalls/gcc/syscalls.o
 .debug_abbrev  0x00002b52      0x1ac src/ASF/thirdparty/fatfs/fatfs-port-r0.09/diskio.o
 .debug_abbrev  0x00002cfe       0xf5 src/ASF/thirdparty/fatfs/fatfs-port-r0.09/sam/fattime_rtc.o
 .debug_abbrev  0x00002df3      0x355 src/ASF/thirdparty/fatfs/fatfs-r0.09/src/ff.o
 .debug_abbrev  0x00003148       0xad src/ASF/thirdparty/fatfs/fatfs-r0.09/src/option/ccsbcs.o
 .debug_abbrev  0x000031f5      0x39a src/example.o

.debug_loc      0x00000000     0xe721
 .debug_loc     0x00000000     0x1945 src/ASF/common/components/memory/sd_mmc/sd_mmc.o
 .debug_loc     0x00001945      0x5ff src/ASF/common/components/memory/sd_mmc/sd_mmc_mem.o
 .debug_loc     0x00001f44      0x183 src/ASF/common/services/clock/same70/sysclk.o
 .debug_loc     0x000020c7      0x455 src/ASF/common/services/storage/ctrl_access/ctrl_access.o
 .debug_loc     0x0000251c       0xd2 src/ASF/common/utils/stdio/read.o
 .debug_loc     0x000025ee      0x15d src/ASF/common/utils/stdio/write.o
 .debug_loc     0x0000274b      0x5ea src/ASF/sam/boards/same70_xplained/init.o
 .debug_loc     0x00002d35      0xda2 src/ASF/sam/drivers/hsmci/hsmci.o
 .debug_loc     0x00003ad7      0x176 src/ASF/sam/drivers/mpu/mpu.o
 .debug_loc     0x00003c4d      0xf3a src/ASF/sam/drivers/pio/pio.o
 .debug_loc     0x00004b87      0x555 src/ASF/sam/drivers/pio/pio_handler.o
 .debug_loc     0x000050dc      0xec0 src/ASF/sam/drivers/pmc/pmc.o
 .debug_loc     0x00005f9c      0x8d5 src/ASF/sam/drivers/rtc/rtc.o
 .debug_loc     0x00006871      0x2a4 src/ASF/sam/drivers/uart/uart.o
 .debug_loc     0x00006b15     0x10f9 src/ASF/sam/drivers/usart/usart.o
 .debug_loc     0x00007c0e      0x239 src/ASF/sam/drivers/xdmac/xdmac.o
 .debug_loc     0x00007e47       0x6a src/ASF/sam/utils/cmsis/same70/source/templates/gcc/startup_same70.o
 .debug_loc     0x00007eb1       0xdf src/ASF/sam/utils/syscalls/gcc/syscalls.o
 .debug_loc     0x00007f90      0x5d4 src/ASF/thirdparty/fatfs/fatfs-port-r0.09/diskio.o
 .debug_loc     0x00008564       0x5d src/ASF/thirdparty/fatfs/fatfs-port-r0.09/sam/fattime_rtc.o
 .debug_loc     0x000085c1     0x5c65 src/ASF/thirdparty/fatfs/fatfs-r0.09/src/ff.o
 .debug_loc     0x0000e226      0x13c src/ASF/thirdparty/fatfs/fatfs-r0.09/src/option/ccsbcs.o
 .debug_loc     0x0000e362      0x3bf src/example.o

.debug_aranges  0x00000000      0xf68
 .debug_aranges
                0x00000000       0xc8 src/ASF/common/components/memory/sd_mmc/sd_mmc.o
 .debug_aranges
                0x000000c8       0xc0 src/ASF/common/components/memory/sd_mmc/sd_mmc_mem.o
 .debug_aranges
                0x00000188       0x40 src/ASF/common/services/clock/same70/sysclk.o
 .debug_aranges
                0x000001c8       0x20 src/ASF/common/services/delay/sam/cycle_counter.o
 .debug_aranges
                0x000001e8       0x70 src/ASF/common/services/storage/ctrl_access/ctrl_access.o
 .debug_aranges
                0x00000258       0x28 src/ASF/common/utils/interrupt/interrupt_sam_nvic.o
 .debug_aranges
                0x00000280       0x20 src/ASF/common/utils/stdio/read.o
 .debug_aranges
                0x000002a0       0x20 src/ASF/common/utils/stdio/write.o
 .debug_aranges
                0x000002c0       0x20 src/ASF/sam/boards/same70_xplained/init.o
 .debug_aranges
                0x000002e0       0xb0 src/ASF/sam/drivers/hsmci/hsmci.o
 .debug_aranges
                0x00000390       0x48 src/ASF/sam/drivers/mpu/mpu.o
 .debug_aranges
                0x000003d8      0x1a8 src/ASF/sam/drivers/pio/pio.o
 .debug_aranges
                0x00000580       0x60 src/ASF/sam/drivers/pio/pio_handler.o
 .debug_aranges
                0x000005e0      0x250 src/ASF/sam/drivers/pmc/pmc.o
 .debug_aranges
                0x00000830       0xb8 src/ASF/sam/drivers/rtc/rtc.o
 .debug_aranges
                0x000008e8       0xd8 src/ASF/sam/drivers/uart/uart.o
 .debug_aranges
                0x000009c0      0x2a8 src/ASF/sam/drivers/usart/usart.o
 .debug_aranges
                0x00000c68       0x20 src/ASF/sam/drivers/xdmac/xdmac.o
 .debug_aranges
                0x00000c88       0x28 src/ASF/sam/utils/cmsis/same70/source/templates/gcc/startup_same70.o
 .debug_aranges
                0x00000cb0       0x30 src/ASF/sam/utils/cmsis/same70/source/templates/system_same70.o
 .debug_aranges
                0x00000ce0       0x60 src/ASF/sam/utils/syscalls/gcc/syscalls.o
 .debug_aranges
                0x00000d40       0x40 src/ASF/thirdparty/fatfs/fatfs-port-r0.09/diskio.o
 .debug_aranges
                0x00000d80       0x20 src/ASF/thirdparty/fatfs/fatfs-port-r0.09/sam/fattime_rtc.o
 .debug_aranges
                0x00000da0      0x170 src/ASF/thirdparty/fatfs/fatfs-r0.09/src/ff.o
 .debug_aranges
                0x00000f10       0x28 src/ASF/thirdparty/fatfs/fatfs-r0.09/src/option/ccsbcs.o
 .debug_aranges
                0x00000f38       0x30 src/example.o

.debug_ranges   0x00000000     0x1080
 .debug_ranges  0x00000000      0x170 src/ASF/common/components/memory/sd_mmc/sd_mmc.o
 .debug_ranges  0x00000170       0xb0 src/ASF/common/components/memory/sd_mmc/sd_mmc_mem.o
 .debug_ranges  0x00000220       0x30 src/ASF/common/services/clock/same70/sysclk.o
 .debug_ranges  0x00000250       0x10 src/ASF/common/services/delay/sam/cycle_counter.o
 .debug_ranges  0x00000260       0x60 src/ASF/common/services/storage/ctrl_access/ctrl_access.o
 .debug_ranges  0x000002c0       0x18 src/ASF/common/utils/interrupt/interrupt_sam_nvic.o
 .debug_ranges  0x000002d8       0x10 src/ASF/common/utils/stdio/read.o
 .debug_ranges  0x000002e8       0x10 src/ASF/common/utils/stdio/write.o
 .debug_ranges  0x000002f8       0x10 src/ASF/sam/boards/same70_xplained/init.o
 .debug_ranges  0x00000308       0xe8 src/ASF/sam/drivers/hsmci/hsmci.o
 .debug_ranges  0x000003f0       0x38 src/ASF/sam/drivers/mpu/mpu.o
 .debug_ranges  0x00000428      0x270 src/ASF/sam/drivers/pio/pio.o
 .debug_ranges  0x00000698       0x50 src/ASF/sam/drivers/pio/pio_handler.o
 .debug_ranges  0x000006e8      0x240 src/ASF/sam/drivers/pmc/pmc.o
 .debug_ranges  0x00000928       0xa8 src/ASF/sam/drivers/rtc/rtc.o
 .debug_ranges  0x000009d0       0xc8 src/ASF/sam/drivers/uart/uart.o
 .debug_ranges  0x00000a98      0x298 src/ASF/sam/drivers/usart/usart.o
 .debug_ranges  0x00000d30       0x10 src/ASF/sam/drivers/xdmac/xdmac.o
 .debug_ranges  0x00000d40       0x18 src/ASF/sam/utils/cmsis/same70/source/templates/gcc/startup_same70.o
 .debug_ranges  0x00000d58       0x20 src/ASF/sam/utils/cmsis/same70/source/templates/system_same70.o
 .debug_ranges  0x00000d78       0x50 src/ASF/sam/utils/syscalls/gcc/syscalls.o
 .debug_ranges  0x00000dc8       0x48 src/ASF/thirdparty/fatfs/fatfs-port-r0.09/diskio.o
 .debug_ranges  0x00000e10       0x10 src/ASF/thirdparty/fatfs/fatfs-port-r0.09/sam/fattime_rtc.o
 .debug_ranges  0x00000e20      0x228 src/ASF/thirdparty/fatfs/fatfs-r0.09/src/ff.o
 .debug_ranges  0x00001048       0x18 src/ASF/thirdparty/fatfs/fatfs-r0.09/src/option/ccsbcs.o
 .debug_ranges  0x00001060       0x20 src/example.o

.debug_macro    0x00000000    0x24508
 .debug_macro   0x00000000      0x7e2 src/ASF/common/components/memory/sd_mmc/sd_mmc.o
 .debug_macro   0x000007e2      0x8b0 src/ASF/common/components/memory/sd_mmc/sd_mmc.o
 .debug_macro   0x00001092       0x22 src/ASF/common/components/memory/sd_mmc/sd_mmc.o
 .debug_macro   0x000010b4       0x4c src/ASF/common/components/memory/sd_mmc/sd_mmc.o
 .debug_macro   0x00001100       0x8d src/ASF/common/components/memory/sd_mmc/sd_mmc.o
 .debug_macro   0x0000118d       0x35 src/ASF/common/components/memory/sd_mmc/sd_mmc.o
 .debug_macro   0x000011c2       0x9c src/ASF/common/components/memory/sd_mmc/sd_mmc.o
 .debug_macro   0x0000125e      0x16d src/ASF/common/components/memory/sd_mmc/sd_mmc.o
 .debug_macro   0x000013cb       0x4a src/ASF/common/components/memory/sd_mmc/sd_mmc.o
 .debug_macro   0x00001415       0x52 src/ASF/common/components/memory/sd_mmc/sd_mmc.o
 .debug_macro   0x00001467       0x16 src/ASF/common/components/memory/sd_mmc/sd_mmc.o
 .debug_macro   0x0000147d       0x43 src/ASF/common/components/memory/sd_mmc/sd_mmc.o
 .debug_macro   0x000014c0      0x187 src/ASF/common/components/memory/sd_mmc/sd_mmc.o
 .debug_macro   0x00001647      0x330 src/ASF/common/components/memory/sd_mmc/sd_mmc.o
 .debug_macro   0x00001977       0x10 src/ASF/common/components/memory/sd_mmc/sd_mmc.o
 .debug_macro   0x00001987       0x35 src/ASF/common/components/memory/sd_mmc/sd_mmc.o
 .debug_macro   0x000019bc       0x28 src/ASF/common/components/memory/sd_mmc/sd_mmc.o
 .debug_macro   0x000019e4      0x64b src/ASF/common/components/memory/sd_mmc/sd_mmc.o
 .debug_macro   0x0000202f       0x76 src/ASF/common/components/memory/sd_mmc/sd_mmc.o
 .debug_macro   0x000020a5       0x16 src/ASF/common/components/memory/sd_mmc/sd_mmc.o
 .debug_macro   0x000020bb      0x6e4 src/ASF/common/components/memory/sd_mmc/sd_mmc.o
 .debug_macro   0x0000279f       0xfd src/ASF/common/components/memory/sd_mmc/sd_mmc.o
 .debug_macro   0x0000289c       0x22 src/ASF/common/components/memory/sd_mmc/sd_mmc.o
 .debug_macro   0x000028be      0x1df src/ASF/common/components/memory/sd_mmc/sd_mmc.o
 .debug_macro   0x00002a9d       0x4a src/ASF/common/components/memory/sd_mmc/sd_mmc.o
 .debug_macro   0x00002ae7       0x3b src/ASF/common/components/memory/sd_mmc/sd_mmc.o
 .debug_macro   0x00002b22       0x2d src/ASF/common/components/memory/sd_mmc/sd_mmc.o
 .debug_macro   0x00002b4f       0x26 src/ASF/common/components/memory/sd_mmc/sd_mmc.o
 .debug_macro   0x00002b75      0xf9a src/ASF/common/components/memory/sd_mmc/sd_mmc.o
 .debug_macro   0x00003b0f      0x175 src/ASF/common/components/memory/sd_mmc/sd_mmc.o
 .debug_macro   0x00003c84      0x257 src/ASF/common/components/memory/sd_mmc/sd_mmc.o
 .debug_macro   0x00003edb      0xa0f src/ASF/common/components/memory/sd_mmc/sd_mmc.o
 .debug_macro   0x000048ea      0x1b9 src/ASF/common/components/memory/sd_mmc/sd_mmc.o
 .debug_macro   0x00004aa3      0x336 src/ASF/common/components/memory/sd_mmc/sd_mmc.o
 .debug_macro   0x00004dd9      0x15b src/ASF/common/components/memory/sd_mmc/sd_mmc.o
 .debug_macro   0x00004f34     0x1851 src/ASF/common/components/memory/sd_mmc/sd_mmc.o
 .debug_macro   0x00006785       0x1c src/ASF/common/components/memory/sd_mmc/sd_mmc.o
 .debug_macro   0x000067a1      0x68d src/ASF/common/components/memory/sd_mmc/sd_mmc.o
 .debug_macro   0x00006e2e      0x31e src/ASF/common/components/memory/sd_mmc/sd_mmc.o
 .debug_macro   0x0000714c      0x4d4 src/ASF/common/components/memory/sd_mmc/sd_mmc.o
 .debug_macro   0x00007620      0x56e src/ASF/common/components/memory/sd_mmc/sd_mmc.o
 .debug_macro   0x00007b8e     0x1332 src/ASF/common/components/memory/sd_mmc/sd_mmc.o
 .debug_macro   0x00008ec0     0x278d src/ASF/common/components/memory/sd_mmc/sd_mmc.o
 .debug_macro   0x0000b64d     0x102b src/ASF/common/components/memory/sd_mmc/sd_mmc.o
 .debug_macro   0x0000c678      0xe01 src/ASF/common/components/memory/sd_mmc/sd_mmc.o
 .debug_macro   0x0000d479      0x3b1 src/ASF/common/components/memory/sd_mmc/sd_mmc.o
 .debug_macro   0x0000d82a       0xa0 src/ASF/common/components/memory/sd_mmc/sd_mmc.o
 .debug_macro   0x0000d8ca       0x76 src/ASF/common/components/memory/sd_mmc/sd_mmc.o
 .debug_macro   0x0000d940      0x409 src/ASF/common/components/memory/sd_mmc/sd_mmc.o
 .debug_macro   0x0000dd49       0x64 src/ASF/common/components/memory/sd_mmc/sd_mmc.o
 .debug_macro   0x0000ddad      0x284 src/ASF/common/components/memory/sd_mmc/sd_mmc.o
 .debug_macro   0x0000e031      0x1d0 src/ASF/common/components/memory/sd_mmc/sd_mmc.o
 .debug_macro   0x0000e201      0x248 src/ASF/common/components/memory/sd_mmc/sd_mmc.o
 .debug_macro   0x0000e449      0x524 src/ASF/common/components/memory/sd_mmc/sd_mmc.o
 .debug_macro   0x0000e96d      0x63b src/ASF/common/components/memory/sd_mmc/sd_mmc.o
 .debug_macro   0x0000efa8      0x6b8 src/ASF/common/components/memory/sd_mmc/sd_mmc.o
 .debug_macro   0x0000f660       0x4c src/ASF/common/components/memory/sd_mmc/sd_mmc.o
 .debug_macro   0x0000f6ac      0x468 src/ASF/common/components/memory/sd_mmc/sd_mmc.o
 .debug_macro   0x0000fb14      0x207 src/ASF/common/components/memory/sd_mmc/sd_mmc.o
 .debug_macro   0x0000fd1b      0x866 src/ASF/common/components/memory/sd_mmc/sd_mmc.o
 .debug_macro   0x00010581     0x1547 src/ASF/common/components/memory/sd_mmc/sd_mmc.o
 .debug_macro   0x00011ac8       0x40 src/ASF/common/components/memory/sd_mmc/sd_mmc.o
 .debug_macro   0x00011b08       0x76 src/ASF/common/components/memory/sd_mmc/sd_mmc.o
 .debug_macro   0x00011b7e      0xdaf src/ASF/common/components/memory/sd_mmc/sd_mmc.o
 .debug_macro   0x0001292d       0x82 src/ASF/common/components/memory/sd_mmc/sd_mmc.o
 .debug_macro   0x000129af       0x76 src/ASF/common/components/memory/sd_mmc/sd_mmc.o
 .debug_macro   0x00012a25       0x4c src/ASF/common/components/memory/sd_mmc/sd_mmc.o
 .debug_macro   0x00012a71      0x135 src/ASF/common/components/memory/sd_mmc/sd_mmc.o
 .debug_macro   0x00012ba6      0x135 src/ASF/common/components/memory/sd_mmc/sd_mmc.o
 .debug_macro   0x00012cdb      0x135 src/ASF/common/components/memory/sd_mmc/sd_mmc.o
 .debug_macro   0x00012e10       0x6a src/ASF/common/components/memory/sd_mmc/sd_mmc.o
 .debug_macro   0x00012e7a       0x6a src/ASF/common/components/memory/sd_mmc/sd_mmc.o
 .debug_macro   0x00012ee4      0x313 src/ASF/common/components/memory/sd_mmc/sd_mmc.o
 .debug_macro   0x000131f7       0xb2 src/ASF/common/components/memory/sd_mmc/sd_mmc.o
 .debug_macro   0x000132a9       0xb2 src/ASF/common/components/memory/sd_mmc/sd_mmc.o
 .debug_macro   0x0001335b       0xb2 src/ASF/common/components/memory/sd_mmc/sd_mmc.o
 .debug_macro   0x0001340d      0x11d src/ASF/common/components/memory/sd_mmc/sd_mmc.o
 .debug_macro   0x0001352a      0x11d src/ASF/common/components/memory/sd_mmc/sd_mmc.o
 .debug_macro   0x00013647      0x2cd src/ASF/common/components/memory/sd_mmc/sd_mmc.o
 .debug_macro   0x00013914       0xb8 src/ASF/common/components/memory/sd_mmc/sd_mmc.o
 .debug_macro   0x000139cc       0x5e src/ASF/common/components/memory/sd_mmc/sd_mmc.o
 .debug_macro   0x00013a2a       0x40 src/ASF/common/components/memory/sd_mmc/sd_mmc.o
 .debug_macro   0x00013a6a       0x4c src/ASF/common/components/memory/sd_mmc/sd_mmc.o
 .debug_macro   0x00013ab6       0xa0 src/ASF/common/components/memory/sd_mmc/sd_mmc.o
 .debug_macro   0x00013b56      0x494 src/ASF/common/components/memory/sd_mmc/sd_mmc.o
 .debug_macro   0x00013fea      0x135 src/ASF/common/components/memory/sd_mmc/sd_mmc.o
 .debug_macro   0x0001411f       0x4c src/ASF/common/components/memory/sd_mmc/sd_mmc.o
 .debug_macro   0x0001416b      0x313 src/ASF/common/components/memory/sd_mmc/sd_mmc.o
 .debug_macro   0x0001447e       0x6a src/ASF/common/components/memory/sd_mmc/sd_mmc.o
 .debug_macro   0x000144e8       0xb8 src/ASF/common/components/memory/sd_mmc/sd_mmc.o
 .debug_macro   0x000145a0       0x6a src/ASF/common/components/memory/sd_mmc/sd_mmc.o
 .debug_macro   0x0001460a       0x2e src/ASF/common/components/memory/sd_mmc/sd_mmc.o
 .debug_macro   0x00014638      0x9b1 src/ASF/common/components/memory/sd_mmc/sd_mmc.o
 .debug_macro   0x00014fe9       0x6a src/ASF/common/components/memory/sd_mmc/sd_mmc.o
 .debug_macro   0x00015053       0x88 src/ASF/common/components/memory/sd_mmc/sd_mmc.o
 .debug_macro   0x000150db       0x58 src/ASF/common/components/memory/sd_mmc/sd_mmc.o
 .debug_macro   0x00015133       0xe2 src/ASF/common/components/memory/sd_mmc/sd_mmc.o
 .debug_macro   0x00015215       0x16 src/ASF/common/components/memory/sd_mmc/sd_mmc.o
 .debug_macro   0x0001522b       0xe2 src/ASF/common/components/memory/sd_mmc/sd_mmc.o
 .debug_macro   0x0001530d       0x4c src/ASF/common/components/memory/sd_mmc/sd_mmc.o
 .debug_macro   0x00015359       0x16 src/ASF/common/components/memory/sd_mmc/sd_mmc.o
 .debug_macro   0x0001536f       0x4c src/ASF/common/components/memory/sd_mmc/sd_mmc.o
 .debug_macro   0x000153bb       0x2e src/ASF/common/components/memory/sd_mmc/sd_mmc.o
 .debug_macro   0x000153e9      0x1b5 src/ASF/common/components/memory/sd_mmc/sd_mmc.o
 .debug_macro   0x0001559e      0x1b5 src/ASF/common/components/memory/sd_mmc/sd_mmc.o
 .debug_macro   0x00015753      0x1b5 src/ASF/common/components/memory/sd_mmc/sd_mmc.o
 .debug_macro   0x00015908      0x1b5 src/ASF/common/components/memory/sd_mmc/sd_mmc.o
 .debug_macro   0x00015abd      0x1b5 src/ASF/common/components/memory/sd_mmc/sd_mmc.o
 .debug_macro   0x00015c72       0x1c src/ASF/common/components/memory/sd_mmc/sd_mmc.o
 .debug_macro   0x00015c8e       0x2e src/ASF/common/components/memory/sd_mmc/sd_mmc.o
 .debug_macro   0x00015cbc       0x22 src/ASF/common/components/memory/sd_mmc/sd_mmc.o
 .debug_macro   0x00015cde       0x1c src/ASF/common/components/memory/sd_mmc/sd_mmc.o
 .debug_macro   0x00015cfa       0x52 src/ASF/common/components/memory/sd_mmc/sd_mmc.o
 .debug_macro   0x00015d4c       0x10 src/ASF/common/components/memory/sd_mmc/sd_mmc.o
 .debug_macro   0x00015d5c       0x1c src/ASF/common/components/memory/sd_mmc/sd_mmc.o
 .debug_macro   0x00015d78       0x4c src/ASF/common/components/memory/sd_mmc/sd_mmc.o
 .debug_macro   0x00015dc4       0x4c src/ASF/common/components/memory/sd_mmc/sd_mmc.o
 .debug_macro   0x00015e10       0x4c src/ASF/common/components/memory/sd_mmc/sd_mmc.o
 .debug_macro   0x00015e5c      0x31b src/ASF/common/components/memory/sd_mmc/sd_mmc.o
 .debug_macro   0x00016177     0x1022 src/ASF/common/components/memory/sd_mmc/sd_mmc.o
 .debug_macro   0x00017199      0x107 src/ASF/common/components/memory/sd_mmc/sd_mmc.o
 .debug_macro   0x000172a0       0x1c src/ASF/common/components/memory/sd_mmc/sd_mmc.o
 .debug_macro   0x000172bc       0x10 src/ASF/common/components/memory/sd_mmc/sd_mmc.o
 .debug_macro   0x000172cc       0x22 src/ASF/common/components/memory/sd_mmc/sd_mmc.o
 .debug_macro   0x000172ee       0x3a src/ASF/common/components/memory/sd_mmc/sd_mmc.o
 .debug_macro   0x00017328       0x10 src/ASF/common/components/memory/sd_mmc/sd_mmc.o
 .debug_macro   0x00017338       0x40 src/ASF/common/components/memory/sd_mmc/sd_mmc.o
 .debug_macro   0x00017378       0x6c src/ASF/common/components/memory/sd_mmc/sd_mmc.o
 .debug_macro   0x000173e4       0x16 src/ASF/common/components/memory/sd_mmc/sd_mmc.o
 .debug_macro   0x000173fa      0x182 src/ASF/common/components/memory/sd_mmc/sd_mmc.o